Thu 18 Dec 2025 21:28:19 INFO  yelp
The number of users: 15963
Average actions of users: 24.663575992983336
The number of items: 14086
Average actions of items: 27.95030173943912
The number of inters: 393680
The sparsity of the dataset: 99.82491813895666%
Remain Fields: ['entity_id', 'user_id', 'item_id', 'rating', 'head_id', 'relation_id', 'tail_id']
The number of entities: 44804
The number of relations: 117
The number of triples: 121540
The number of items that have been linked to KG: 14085
Thu 18 Dec 2025 21:28:20 INFO  [Training]: train_batch_size = [2048] train_neg_sample_args: [{'sample_num': 5, 'distribution': 'uniform', 'alpha': 1.0, 'dynamic': False, 'candidate_num': 0}]
Thu 18 Dec 2025 21:28:20 INFO  [Evaluation]: eval_batch_size = [4096] eval_args: [{'split': {'RS': [0.8, 0.1, 0.1]}, 'order': 'RO', 'group_by': 'user', 'mode': {'valid': 'full', 'test': 'full'}}]
Thu 18 Dec 2025 21:28:21 INFO  LightKG(
  (mess_dropout): Dropout1d(p=0.1, inplace=False)
  (user_embedding): Embedding(15963, 64)
  (entity_embedding): Embedding(44804, 64)
  (relation_embedding): Embedding(233, 1)
  (mf_loss): BPRLoss()
)
Trainable parameters: 3889321
Thu 18 Dec 2025 21:28:47 INFO  epoch 0 training [time: 25.85s, train loss: 63662.8719]
Thu 18 Dec 2025 21:28:54 INFO  epoch 0 evaluating [time: 7.35s, valid_score: 0.001400]
Thu 18 Dec 2025 21:28:54 INFO  valid result: 
recall@10 : 0.0014    recall@20 : 0.0033    precision@10 : 0.0005    precision@20 : 0.0006    ndcg@10 : 0.0009    ndcg@20 : 0.0015    hit@10 : 0.0052    hit@20 : 0.0107    mrr@10 : 0.0014    mrr@20 : 0.0017
Thu 18 Dec 2025 21:28:55 INFO  Saving current: saved/LightKG-Dec-18-2025_21-28-21.pth
Thu 18 Dec 2025 21:29:20 INFO  epoch 1 training [time: 25.57s, train loss: 63531.5744]
Thu 18 Dec 2025 21:29:28 INFO  epoch 1 evaluating [time: 7.48s, valid_score: 0.003200]
Thu 18 Dec 2025 21:29:28 INFO  valid result: 
recall@10 : 0.003    recall@20 : 0.0054    precision@10 : 0.0011    precision@20 : 0.001    ndcg@10 : 0.0021    ndcg@20 : 0.0029    hit@10 : 0.0104    hit@20 : 0.0184    mrr@10 : 0.0032    mrr@20 : 0.0037
Thu 18 Dec 2025 21:29:28 INFO  Saving current: saved/LightKG-Dec-18-2025_21-28-21.pth
Thu 18 Dec 2025 21:29:53 INFO  epoch 2 training [time: 25.40s, train loss: 63488.0860]
Thu 18 Dec 2025 21:30:00 INFO  epoch 2 evaluating [time: 7.34s, valid_score: 0.004600]
Thu 18 Dec 2025 21:30:00 INFO  valid result: 
recall@10 : 0.0039    recall@20 : 0.0077    precision@10 : 0.0017    precision@20 : 0.0015    ndcg@10 : 0.0028    ndcg@20 : 0.0039    hit@10 : 0.0153    hit@20 : 0.0262    mrr@10 : 0.0046    mrr@20 : 0.0053
Thu 18 Dec 2025 21:30:00 INFO  Saving current: saved/LightKG-Dec-18-2025_21-28-21.pth
Thu 18 Dec 2025 21:30:26 INFO  epoch 3 training [time: 25.95s, train loss: 63471.6439]
Thu 18 Dec 2025 21:30:35 INFO  epoch 3 evaluating [time: 8.97s, valid_score: 0.006300]
Thu 18 Dec 2025 21:30:35 INFO  valid result: 
recall@10 : 0.0051    recall@20 : 0.009    precision@10 : 0.0022    precision@20 : 0.002    ndcg@10 : 0.0037    ndcg@20 : 0.005    hit@10 : 0.0199    hit@20 : 0.0334    mrr@10 : 0.0063    mrr@20 : 0.0072
Thu 18 Dec 2025 21:30:35 INFO  Saving current: saved/LightKG-Dec-18-2025_21-28-21.pth
Thu 18 Dec 2025 21:31:01 INFO  epoch 4 training [time: 25.43s, train loss: 63456.2416]
Thu 18 Dec 2025 21:31:08 INFO  epoch 4 evaluating [time: 7.41s, valid_score: 0.008200]
Thu 18 Dec 2025 21:31:08 INFO  valid result: 
recall@10 : 0.0064    recall@20 : 0.0118    precision@10 : 0.0026    precision@20 : 0.0024    ndcg@10 : 0.0047    ndcg@20 : 0.0065    hit@10 : 0.0238    hit@20 : 0.0401    mrr@10 : 0.0082    mrr@20 : 0.0093
Thu 18 Dec 2025 21:31:08 INFO  Saving current: saved/LightKG-Dec-18-2025_21-28-21.pth
Thu 18 Dec 2025 21:31:34 INFO  epoch 5 training [time: 25.48s, train loss: 63443.9396]
Thu 18 Dec 2025 21:31:41 INFO  epoch 5 evaluating [time: 7.31s, valid_score: 0.009300]
Thu 18 Dec 2025 21:31:41 INFO  valid result: 
recall@10 : 0.0076    recall@20 : 0.0132    precision@10 : 0.0031    precision@20 : 0.0028    ndcg@10 : 0.0054    ndcg@20 : 0.0073    hit@10 : 0.0274    hit@20 : 0.0466    mrr@10 : 0.0093    mrr@20 : 0.0106
Thu 18 Dec 2025 21:31:41 INFO  Saving current: saved/LightKG-Dec-18-2025_21-28-21.pth
Thu 18 Dec 2025 21:32:07 INFO  epoch 6 training [time: 25.54s, train loss: 63436.7111]
Thu 18 Dec 2025 21:32:18 INFO  epoch 6 evaluating [time: 11.30s, valid_score: 0.011300]
Thu 18 Dec 2025 21:32:18 INFO  valid result: 
recall@10 : 0.0082    recall@20 : 0.0152    precision@10 : 0.0035    precision@20 : 0.0031    ndcg@10 : 0.0064    ndcg@20 : 0.0087    hit@10 : 0.0312    hit@20 : 0.0526    mrr@10 : 0.0113    mrr@20 : 0.0128
Thu 18 Dec 2025 21:32:18 INFO  Saving current: saved/LightKG-Dec-18-2025_21-28-21.pth
Thu 18 Dec 2025 21:32:44 INFO  epoch 7 training [time: 26.26s, train loss: 63427.4218]
Thu 18 Dec 2025 21:32:54 INFO  epoch 7 evaluating [time: 9.35s, valid_score: 0.012500]
Thu 18 Dec 2025 21:32:54 INFO  valid result: 
recall@10 : 0.0094    recall@20 : 0.0163    precision@10 : 0.0038    precision@20 : 0.0033    ndcg@10 : 0.0071    ndcg@20 : 0.0094    hit@10 : 0.0335    hit@20 : 0.0546    mrr@10 : 0.0125    mrr@20 : 0.0139
Thu 18 Dec 2025 21:32:54 INFO  Saving current: saved/LightKG-Dec-18-2025_21-28-21.pth
Thu 18 Dec 2025 21:33:20 INFO  epoch 8 training [time: 26.25s, train loss: 63424.2566]
Thu 18 Dec 2025 21:33:30 INFO  epoch 8 evaluating [time: 10.33s, valid_score: 0.013800]
Thu 18 Dec 2025 21:33:30 INFO  valid result: 
recall@10 : 0.0106    recall@20 : 0.019    precision@10 : 0.0044    precision@20 : 0.0037    ndcg@10 : 0.0079    ndcg@20 : 0.0106    hit@10 : 0.0385    hit@20 : 0.062    mrr@10 : 0.0138    mrr@20 : 0.0154
Thu 18 Dec 2025 21:33:30 INFO  Saving current: saved/LightKG-Dec-18-2025_21-28-21.pth
Thu 18 Dec 2025 21:33:56 INFO  epoch 9 training [time: 25.72s, train loss: 63415.1817]
Thu 18 Dec 2025 21:34:03 INFO  epoch 9 evaluating [time: 7.33s, valid_score: 0.013800]
Thu 18 Dec 2025 21:34:03 INFO  valid result: 
recall@10 : 0.0115    recall@20 : 0.0197    precision@10 : 0.0045    precision@20 : 0.0039    ndcg@10 : 0.0083    ndcg@20 : 0.011    hit@10 : 0.0395    hit@20 : 0.0651    mrr@10 : 0.0138    mrr@20 : 0.0155
Thu 18 Dec 2025 21:34:03 INFO  Saving current: saved/LightKG-Dec-18-2025_21-28-21.pth
Thu 18 Dec 2025 21:34:29 INFO  epoch 10 training [time: 26.01s, train loss: 63411.8415]
Thu 18 Dec 2025 21:34:37 INFO  epoch 10 evaluating [time: 7.80s, valid_score: 0.014300]
Thu 18 Dec 2025 21:34:37 INFO  valid result: 
recall@10 : 0.0114    recall@20 : 0.0215    precision@10 : 0.0047    precision@20 : 0.0042    ndcg@10 : 0.0084    ndcg@20 : 0.0116    hit@10 : 0.0411    hit@20 : 0.0699    mrr@10 : 0.0143    mrr@20 : 0.0162
Thu 18 Dec 2025 21:34:37 INFO  Saving current: saved/LightKG-Dec-18-2025_21-28-21.pth
Thu 18 Dec 2025 21:35:03 INFO  epoch 11 training [time: 25.43s, train loss: 63408.8456]
Thu 18 Dec 2025 21:35:10 INFO  epoch 11 evaluating [time: 7.45s, valid_score: 0.015600]
Thu 18 Dec 2025 21:35:10 INFO  valid result: 
recall@10 : 0.0132    recall@20 : 0.0231    precision@10 : 0.0051    precision@20 : 0.0044    ndcg@10 : 0.0094    ndcg@20 : 0.0126    hit@10 : 0.0446    hit@20 : 0.0739    mrr@10 : 0.0156    mrr@20 : 0.0175
Thu 18 Dec 2025 21:35:10 INFO  Saving current: saved/LightKG-Dec-18-2025_21-28-21.pth
Thu 18 Dec 2025 21:35:36 INFO  epoch 12 training [time: 25.61s, train loss: 63404.0154]
Thu 18 Dec 2025 21:35:43 INFO  epoch 12 evaluating [time: 6.87s, valid_score: 0.016900]
Thu 18 Dec 2025 21:35:43 INFO  valid result: 
recall@10 : 0.0139    recall@20 : 0.025    precision@10 : 0.0053    precision@20 : 0.0046    ndcg@10 : 0.0101    ndcg@20 : 0.0137    hit@10 : 0.047    hit@20 : 0.0782    mrr@10 : 0.0169    mrr@20 : 0.019
Thu 18 Dec 2025 21:35:43 INFO  Saving current: saved/LightKG-Dec-18-2025_21-28-21.pth
Thu 18 Dec 2025 21:36:08 INFO  epoch 13 training [time: 25.55s, train loss: 63401.6660]
Thu 18 Dec 2025 21:36:15 INFO  epoch 13 evaluating [time: 6.99s, valid_score: 0.017200]
Thu 18 Dec 2025 21:36:15 INFO  valid result: 
recall@10 : 0.0146    recall@20 : 0.0265    precision@10 : 0.0055    precision@20 : 0.0049    ndcg@10 : 0.0104    ndcg@20 : 0.0143    hit@10 : 0.0487    hit@20 : 0.0818    mrr@10 : 0.0172    mrr@20 : 0.0194
Thu 18 Dec 2025 21:36:15 INFO  Saving current: saved/LightKG-Dec-18-2025_21-28-21.pth
Thu 18 Dec 2025 21:36:41 INFO  epoch 14 training [time: 26.02s, train loss: 63400.2764]
Thu 18 Dec 2025 21:36:48 INFO  epoch 14 evaluating [time: 6.92s, valid_score: 0.018500]
Thu 18 Dec 2025 21:36:48 INFO  valid result: 
recall@10 : 0.0159    recall@20 : 0.0286    precision@10 : 0.0058    precision@20 : 0.0052    ndcg@10 : 0.0113    ndcg@20 : 0.0156    hit@10 : 0.0521    hit@20 : 0.0875    mrr@10 : 0.0185    mrr@20 : 0.0209
Thu 18 Dec 2025 21:36:48 INFO  Saving current: saved/LightKG-Dec-18-2025_21-28-21.pth
Thu 18 Dec 2025 21:37:14 INFO  epoch 15 training [time: 25.99s, train loss: 63393.0734]
Thu 18 Dec 2025 21:37:21 INFO  epoch 15 evaluating [time: 6.85s, valid_score: 0.020000]
Thu 18 Dec 2025 21:37:21 INFO  valid result: 
recall@10 : 0.0169    recall@20 : 0.0295    precision@10 : 0.0062    precision@20 : 0.0053    ndcg@10 : 0.0122    ndcg@20 : 0.0162    hit@10 : 0.0557    hit@20 : 0.0885    mrr@10 : 0.02    mrr@20 : 0.0222
Thu 18 Dec 2025 21:37:21 INFO  Saving current: saved/LightKG-Dec-18-2025_21-28-21.pth
Thu 18 Dec 2025 21:37:47 INFO  epoch 16 training [time: 25.64s, train loss: 63391.0268]
Thu 18 Dec 2025 21:37:54 INFO  epoch 16 evaluating [time: 6.94s, valid_score: 0.019500]
Thu 18 Dec 2025 21:37:54 INFO  valid result: 
recall@10 : 0.0183    recall@20 : 0.0304    precision@10 : 0.0066    precision@20 : 0.0054    ndcg@10 : 0.0125    ndcg@20 : 0.0164    hit@10 : 0.0574    hit@20 : 0.0903    mrr@10 : 0.0195    mrr@20 : 0.0217
Thu 18 Dec 2025 21:38:20 INFO  epoch 17 training [time: 26.54s, train loss: 63386.0231]
Thu 18 Dec 2025 21:38:28 INFO  epoch 17 evaluating [time: 8.16s, valid_score: 0.021200]
Thu 18 Dec 2025 21:38:28 INFO  valid result: 
recall@10 : 0.0183    recall@20 : 0.0316    precision@10 : 0.0066    precision@20 : 0.0056    ndcg@10 : 0.0132    ndcg@20 : 0.0175    hit@10 : 0.058    hit@20 : 0.0933    mrr@10 : 0.0212    mrr@20 : 0.0236
Thu 18 Dec 2025 21:38:29 INFO  Saving current: saved/LightKG-Dec-18-2025_21-28-21.pth
Thu 18 Dec 2025 21:38:55 INFO  epoch 18 training [time: 26.67s, train loss: 63385.1959]
Thu 18 Dec 2025 21:39:04 INFO  epoch 18 evaluating [time: 9.25s, valid_score: 0.021300]
Thu 18 Dec 2025 21:39:04 INFO  valid result: 
recall@10 : 0.0192    recall@20 : 0.0321    precision@10 : 0.0067    precision@20 : 0.0057    ndcg@10 : 0.0134    ndcg@20 : 0.0177    hit@10 : 0.0601    hit@20 : 0.0953    mrr@10 : 0.0213    mrr@20 : 0.0237
Thu 18 Dec 2025 21:39:04 INFO  Saving current: saved/LightKG-Dec-18-2025_21-28-21.pth
Thu 18 Dec 2025 21:39:31 INFO  epoch 19 training [time: 26.34s, train loss: 63386.7491]
Thu 18 Dec 2025 21:39:38 INFO  epoch 19 evaluating [time: 7.08s, valid_score: 0.021900]
Thu 18 Dec 2025 21:39:38 INFO  valid result: 
recall@10 : 0.0193    recall@20 : 0.0327    precision@10 : 0.0069    precision@20 : 0.0058    ndcg@10 : 0.0136    ndcg@20 : 0.018    hit@10 : 0.0609    hit@20 : 0.0961    mrr@10 : 0.0219    mrr@20 : 0.0243
Thu 18 Dec 2025 21:39:38 INFO  Saving current: saved/LightKG-Dec-18-2025_21-28-21.pth
Thu 18 Dec 2025 21:40:04 INFO  epoch 20 training [time: 26.04s, train loss: 63383.6572]
Thu 18 Dec 2025 21:40:11 INFO  epoch 20 evaluating [time: 6.91s, valid_score: 0.022600]
Thu 18 Dec 2025 21:40:11 INFO  valid result: 
recall@10 : 0.0201    recall@20 : 0.0351    precision@10 : 0.0071    precision@20 : 0.0059    ndcg@10 : 0.0142    ndcg@20 : 0.019    hit@10 : 0.0627    hit@20 : 0.0988    mrr@10 : 0.0226    mrr@20 : 0.0251
Thu 18 Dec 2025 21:40:11 INFO  Saving current: saved/LightKG-Dec-18-2025_21-28-21.pth
Thu 18 Dec 2025 21:40:37 INFO  epoch 21 training [time: 25.81s, train loss: 63379.3513]
Thu 18 Dec 2025 21:40:44 INFO  epoch 21 evaluating [time: 6.90s, valid_score: 0.022900]
Thu 18 Dec 2025 21:40:44 INFO  valid result: 
recall@10 : 0.0208    recall@20 : 0.0362    precision@10 : 0.0073    precision@20 : 0.0062    ndcg@10 : 0.0147    ndcg@20 : 0.0197    hit@10 : 0.0638    hit@20 : 0.102    mrr@10 : 0.0229    mrr@20 : 0.0255
Thu 18 Dec 2025 21:40:44 INFO  Saving current: saved/LightKG-Dec-18-2025_21-28-21.pth
Thu 18 Dec 2025 21:41:10 INFO  epoch 22 training [time: 26.21s, train loss: 63381.3932]
Thu 18 Dec 2025 21:41:17 INFO  epoch 22 evaluating [time: 7.11s, valid_score: 0.024600]
Thu 18 Dec 2025 21:41:17 INFO  valid result: 
recall@10 : 0.0222    recall@20 : 0.0378    precision@10 : 0.0076    precision@20 : 0.0063    ndcg@10 : 0.0158    ndcg@20 : 0.0208    hit@10 : 0.0666    hit@20 : 0.1051    mrr@10 : 0.0246    mrr@20 : 0.0272
Thu 18 Dec 2025 21:41:17 INFO  Saving current: saved/LightKG-Dec-18-2025_21-28-21.pth
Thu 18 Dec 2025 21:41:43 INFO  epoch 23 training [time: 26.12s, train loss: 63373.9344]
Thu 18 Dec 2025 21:41:50 INFO  epoch 23 evaluating [time: 7.09s, valid_score: 0.025400]
Thu 18 Dec 2025 21:41:50 INFO  valid result: 
recall@10 : 0.0232    recall@20 : 0.0389    precision@10 : 0.0077    precision@20 : 0.0065    ndcg@10 : 0.0164    ndcg@20 : 0.0215    hit@10 : 0.0683    hit@20 : 0.108    mrr@10 : 0.0254    mrr@20 : 0.0281
Thu 18 Dec 2025 21:41:50 INFO  Saving current: saved/LightKG-Dec-18-2025_21-28-21.pth
Thu 18 Dec 2025 21:42:16 INFO  epoch 24 training [time: 26.18s, train loss: 63376.6462]
Thu 18 Dec 2025 21:42:24 INFO  epoch 24 evaluating [time: 7.12s, valid_score: 0.026000]
Thu 18 Dec 2025 21:42:24 INFO  valid result: 
recall@10 : 0.0243    recall@20 : 0.0407    precision@10 : 0.008    precision@20 : 0.0067    ndcg@10 : 0.017    ndcg@20 : 0.0223    hit@10 : 0.0706    hit@20 : 0.1098    mrr@10 : 0.026    mrr@20 : 0.0287
Thu 18 Dec 2025 21:42:24 INFO  Saving current: saved/LightKG-Dec-18-2025_21-28-21.pth
Thu 18 Dec 2025 21:42:50 INFO  epoch 25 training [time: 26.14s, train loss: 63373.4345]
Thu 18 Dec 2025 21:42:57 INFO  epoch 25 evaluating [time: 6.98s, valid_score: 0.027200]
Thu 18 Dec 2025 21:42:57 INFO  valid result: 
recall@10 : 0.0251    recall@20 : 0.0414    precision@10 : 0.0082    precision@20 : 0.0068    ndcg@10 : 0.0177    ndcg@20 : 0.023    hit@10 : 0.0727    hit@20 : 0.1133    mrr@10 : 0.0272    mrr@20 : 0.03
Thu 18 Dec 2025 21:42:57 INFO  Saving current: saved/LightKG-Dec-18-2025_21-28-21.pth
Thu 18 Dec 2025 21:43:23 INFO  epoch 26 training [time: 26.11s, train loss: 63370.9753]
Thu 18 Dec 2025 21:43:30 INFO  epoch 26 evaluating [time: 6.92s, valid_score: 0.028400]
Thu 18 Dec 2025 21:43:30 INFO  valid result: 
recall@10 : 0.0263    recall@20 : 0.043    precision@10 : 0.0085    precision@20 : 0.007    ndcg@10 : 0.0185    ndcg@20 : 0.0239    hit@10 : 0.075    hit@20 : 0.1152    mrr@10 : 0.0284    mrr@20 : 0.0311
Thu 18 Dec 2025 21:43:30 INFO  Saving current: saved/LightKG-Dec-18-2025_21-28-21.pth
Thu 18 Dec 2025 21:43:56 INFO  epoch 27 training [time: 26.03s, train loss: 63370.3564]
Thu 18 Dec 2025 21:44:03 INFO  epoch 27 evaluating [time: 6.96s, valid_score: 0.029300]
Thu 18 Dec 2025 21:44:03 INFO  valid result: 
recall@10 : 0.0266    recall@20 : 0.0436    precision@10 : 0.0087    precision@20 : 0.0071    ndcg@10 : 0.0189    ndcg@20 : 0.0244    hit@10 : 0.0767    hit@20 : 0.1176    mrr@10 : 0.0293    mrr@20 : 0.0321
Thu 18 Dec 2025 21:44:03 INFO  Saving current: saved/LightKG-Dec-18-2025_21-28-21.pth
Thu 18 Dec 2025 21:44:29 INFO  epoch 28 training [time: 26.64s, train loss: 63368.7307]
Thu 18 Dec 2025 21:44:39 INFO  epoch 28 evaluating [time: 9.21s, valid_score: 0.030300]
Thu 18 Dec 2025 21:44:39 INFO  valid result: 
recall@10 : 0.0281    recall@20 : 0.045    precision@10 : 0.0092    precision@20 : 0.0074    ndcg@10 : 0.0198    ndcg@20 : 0.0252    hit@10 : 0.0813    hit@20 : 0.1224    mrr@10 : 0.0303    mrr@20 : 0.033
Thu 18 Dec 2025 21:44:39 INFO  Saving current: saved/LightKG-Dec-18-2025_21-28-21.pth
Thu 18 Dec 2025 21:45:05 INFO  epoch 29 training [time: 26.14s, train loss: 63366.6300]
Thu 18 Dec 2025 21:45:13 INFO  epoch 29 evaluating [time: 7.83s, valid_score: 0.030900]
Thu 18 Dec 2025 21:45:13 INFO  valid result: 
recall@10 : 0.0278    recall@20 : 0.0455    precision@10 : 0.0092    precision@20 : 0.0075    ndcg@10 : 0.0201    ndcg@20 : 0.0257    hit@10 : 0.0807    hit@20 : 0.1224    mrr@10 : 0.0309    mrr@20 : 0.0337
Thu 18 Dec 2025 21:45:13 INFO  Saving current: saved/LightKG-Dec-18-2025_21-28-21.pth
Thu 18 Dec 2025 21:45:38 INFO  epoch 30 training [time: 25.58s, train loss: 63365.5813]
Thu 18 Dec 2025 21:45:46 INFO  epoch 30 evaluating [time: 7.60s, valid_score: 0.031500]
Thu 18 Dec 2025 21:45:46 INFO  valid result: 
recall@10 : 0.0281    recall@20 : 0.0462    precision@10 : 0.0093    precision@20 : 0.0075    ndcg@10 : 0.0205    ndcg@20 : 0.0263    hit@10 : 0.0814    hit@20 : 0.1246    mrr@10 : 0.0315    mrr@20 : 0.0344
Thu 18 Dec 2025 21:45:46 INFO  Saving current: saved/LightKG-Dec-18-2025_21-28-21.pth
Thu 18 Dec 2025 21:46:11 INFO  epoch 31 training [time: 25.28s, train loss: 63363.7164]
Thu 18 Dec 2025 21:46:19 INFO  epoch 31 evaluating [time: 7.61s, valid_score: 0.031800]
Thu 18 Dec 2025 21:46:19 INFO  valid result: 
recall@10 : 0.0285    recall@20 : 0.0463    precision@10 : 0.0093    precision@20 : 0.0075    ndcg@10 : 0.0206    ndcg@20 : 0.0263    hit@10 : 0.0818    hit@20 : 0.1253    mrr@10 : 0.0318    mrr@20 : 0.0348
Thu 18 Dec 2025 21:46:19 INFO  Saving current: saved/LightKG-Dec-18-2025_21-28-21.pth
Thu 18 Dec 2025 21:46:44 INFO  epoch 32 training [time: 25.44s, train loss: 63361.8155]
Thu 18 Dec 2025 21:46:52 INFO  epoch 32 evaluating [time: 7.79s, valid_score: 0.033100]
Thu 18 Dec 2025 21:46:52 INFO  valid result: 
recall@10 : 0.0296    recall@20 : 0.0494    precision@10 : 0.0097    precision@20 : 0.008    ndcg@10 : 0.0215    ndcg@20 : 0.0278    hit@10 : 0.086    hit@20 : 0.1319    mrr@10 : 0.0331    mrr@20 : 0.0362
Thu 18 Dec 2025 21:46:52 INFO  Saving current: saved/LightKG-Dec-18-2025_21-28-21.pth
Thu 18 Dec 2025 21:47:17 INFO  epoch 33 training [time: 25.06s, train loss: 63361.1027]
Thu 18 Dec 2025 21:47:25 INFO  epoch 33 evaluating [time: 8.15s, valid_score: 0.034300]
Thu 18 Dec 2025 21:47:25 INFO  valid result: 
recall@10 : 0.0305    recall@20 : 0.0511    precision@10 : 0.0098    precision@20 : 0.0082    ndcg@10 : 0.0222    ndcg@20 : 0.0288    hit@10 : 0.0866    hit@20 : 0.1367    mrr@10 : 0.0343    mrr@20 : 0.0377
Thu 18 Dec 2025 21:47:25 INFO  Saving current: saved/LightKG-Dec-18-2025_21-28-21.pth
Thu 18 Dec 2025 21:47:50 INFO  epoch 34 training [time: 24.89s, train loss: 63360.4269]
Thu 18 Dec 2025 21:47:58 INFO  epoch 34 evaluating [time: 7.78s, valid_score: 0.034700]
Thu 18 Dec 2025 21:47:58 INFO  valid result: 
recall@10 : 0.031    recall@20 : 0.0516    precision@10 : 0.01    precision@20 : 0.0083    ndcg@10 : 0.0224    ndcg@20 : 0.0291    hit@10 : 0.0882    hit@20 : 0.1377    mrr@10 : 0.0347    mrr@20 : 0.0381
Thu 18 Dec 2025 21:47:58 INFO  Saving current: saved/LightKG-Dec-18-2025_21-28-21.pth
Thu 18 Dec 2025 21:48:23 INFO  epoch 35 training [time: 24.92s, train loss: 63357.9550]
Thu 18 Dec 2025 21:48:31 INFO  epoch 35 evaluating [time: 7.92s, valid_score: 0.035000]
Thu 18 Dec 2025 21:48:31 INFO  valid result: 
recall@10 : 0.0319    recall@20 : 0.0527    precision@10 : 0.0101    precision@20 : 0.0085    ndcg@10 : 0.023    ndcg@20 : 0.0298    hit@10 : 0.0891    hit@20 : 0.1403    mrr@10 : 0.035    mrr@20 : 0.0384
Thu 18 Dec 2025 21:48:31 INFO  Saving current: saved/LightKG-Dec-18-2025_21-28-21.pth
Thu 18 Dec 2025 21:48:56 INFO  epoch 36 training [time: 24.89s, train loss: 63359.6411]
Thu 18 Dec 2025 21:49:04 INFO  epoch 36 evaluating [time: 7.92s, valid_score: 0.034900]
Thu 18 Dec 2025 21:49:04 INFO  valid result: 
recall@10 : 0.0331    recall@20 : 0.0531    precision@10 : 0.0104    precision@20 : 0.0086    ndcg@10 : 0.0234    ndcg@20 : 0.03    hit@10 : 0.0915    hit@20 : 0.1426    mrr@10 : 0.0349    mrr@20 : 0.0385
Thu 18 Dec 2025 21:49:29 INFO  epoch 37 training [time: 24.81s, train loss: 63355.7525]
Thu 18 Dec 2025 21:49:36 INFO  epoch 37 evaluating [time: 7.75s, valid_score: 0.036300]
Thu 18 Dec 2025 21:49:36 INFO  valid result: 
recall@10 : 0.0342    recall@20 : 0.0552    precision@10 : 0.0107    precision@20 : 0.0088    ndcg@10 : 0.0243    ndcg@20 : 0.0311    hit@10 : 0.0949    hit@20 : 0.1455    mrr@10 : 0.0363    mrr@20 : 0.0398
Thu 18 Dec 2025 21:49:36 INFO  Saving current: saved/LightKG-Dec-18-2025_21-28-21.pth
Thu 18 Dec 2025 21:50:01 INFO  epoch 38 training [time: 24.78s, train loss: 63354.8265]
Thu 18 Dec 2025 21:50:10 INFO  epoch 38 evaluating [time: 9.15s, valid_score: 0.037200]
Thu 18 Dec 2025 21:50:10 INFO  valid result: 
recall@10 : 0.0348    recall@20 : 0.056    precision@10 : 0.0109    precision@20 : 0.0089    ndcg@10 : 0.0247    ndcg@20 : 0.0316    hit@10 : 0.0962    hit@20 : 0.1481    mrr@10 : 0.0372    mrr@20 : 0.0407
Thu 18 Dec 2025 21:50:10 INFO  Saving current: saved/LightKG-Dec-18-2025_21-28-21.pth
Thu 18 Dec 2025 21:50:36 INFO  epoch 39 training [time: 25.66s, train loss: 63355.8930]
Thu 18 Dec 2025 21:50:46 INFO  epoch 39 evaluating [time: 10.35s, valid_score: 0.038700]
Thu 18 Dec 2025 21:50:46 INFO  valid result: 
recall@10 : 0.0363    recall@20 : 0.0574    precision@10 : 0.0112    precision@20 : 0.0091    ndcg@10 : 0.0257    ndcg@20 : 0.0327    hit@10 : 0.0992    hit@20 : 0.1515    mrr@10 : 0.0387    mrr@20 : 0.0423
Thu 18 Dec 2025 21:50:46 INFO  Saving current: saved/LightKG-Dec-18-2025_21-28-21.pth
Thu 18 Dec 2025 21:51:12 INFO  epoch 40 training [time: 25.48s, train loss: 63353.9628]
Thu 18 Dec 2025 21:51:21 INFO  epoch 40 evaluating [time: 8.56s, valid_score: 0.038300]
Thu 18 Dec 2025 21:51:21 INFO  valid result: 
recall@10 : 0.0359    recall@20 : 0.0571    precision@10 : 0.0114    precision@20 : 0.009    ndcg@10 : 0.0256    ndcg@20 : 0.0324    hit@10 : 0.0992    hit@20 : 0.1506    mrr@10 : 0.0383    mrr@20 : 0.0418
Thu 18 Dec 2025 21:51:46 INFO  epoch 41 training [time: 25.08s, train loss: 63349.0070]
Thu 18 Dec 2025 21:51:53 INFO  epoch 41 evaluating [time: 7.64s, valid_score: 0.038600]
Thu 18 Dec 2025 21:51:53 INFO  valid result: 
recall@10 : 0.0366    recall@20 : 0.058    precision@10 : 0.0114    precision@20 : 0.0092    ndcg@10 : 0.0258    ndcg@20 : 0.0328    hit@10 : 0.1007    hit@20 : 0.1519    mrr@10 : 0.0386    mrr@20 : 0.0422
Thu 18 Dec 2025 21:52:18 INFO  epoch 42 training [time: 25.18s, train loss: 63353.5910]
Thu 18 Dec 2025 21:52:26 INFO  epoch 42 evaluating [time: 7.84s, valid_score: 0.039500]
Thu 18 Dec 2025 21:52:26 INFO  valid result: 
recall@10 : 0.0369    recall@20 : 0.0588    precision@10 : 0.0115    precision@20 : 0.0093    ndcg@10 : 0.026    ndcg@20 : 0.0331    hit@10 : 0.1013    hit@20 : 0.1537    mrr@10 : 0.0395    mrr@20 : 0.0431
Thu 18 Dec 2025 21:52:26 INFO  Saving current: saved/LightKG-Dec-18-2025_21-28-21.pth
Thu 18 Dec 2025 21:52:51 INFO  epoch 43 training [time: 25.12s, train loss: 63350.2908]
Thu 18 Dec 2025 21:52:59 INFO  epoch 43 evaluating [time: 7.75s, valid_score: 0.039500]
Thu 18 Dec 2025 21:52:59 INFO  valid result: 
recall@10 : 0.038    recall@20 : 0.0599    precision@10 : 0.0116    precision@20 : 0.0094    ndcg@10 : 0.0265    ndcg@20 : 0.0336    hit@10 : 0.1027    hit@20 : 0.1554    mrr@10 : 0.0395    mrr@20 : 0.0431
Thu 18 Dec 2025 21:52:59 INFO  Saving current: saved/LightKG-Dec-18-2025_21-28-21.pth
Thu 18 Dec 2025 21:53:25 INFO  epoch 44 training [time: 26.14s, train loss: 63349.7195]
Thu 18 Dec 2025 21:53:33 INFO  epoch 44 evaluating [time: 7.16s, valid_score: 0.040200]
Thu 18 Dec 2025 21:53:33 INFO  valid result: 
recall@10 : 0.0385    recall@20 : 0.06    precision@10 : 0.0118    precision@20 : 0.0094    ndcg@10 : 0.027    ndcg@20 : 0.0339    hit@10 : 0.1032    hit@20 : 0.1571    mrr@10 : 0.0402    mrr@20 : 0.0438
Thu 18 Dec 2025 21:53:33 INFO  Saving current: saved/LightKG-Dec-18-2025_21-28-21.pth
Thu 18 Dec 2025 21:53:59 INFO  epoch 45 training [time: 26.25s, train loss: 63349.8403]
Thu 18 Dec 2025 21:54:06 INFO  epoch 45 evaluating [time: 7.14s, valid_score: 0.041000]
Thu 18 Dec 2025 21:54:06 INFO  valid result: 
recall@10 : 0.0393    recall@20 : 0.0606    precision@10 : 0.0119    precision@20 : 0.0095    ndcg@10 : 0.0276    ndcg@20 : 0.0345    hit@10 : 0.1048    hit@20 : 0.1561    mrr@10 : 0.041    mrr@20 : 0.0444
Thu 18 Dec 2025 21:54:06 INFO  Saving current: saved/LightKG-Dec-18-2025_21-28-21.pth
Thu 18 Dec 2025 21:54:32 INFO  epoch 46 training [time: 26.04s, train loss: 63351.8745]
Thu 18 Dec 2025 21:54:39 INFO  epoch 46 evaluating [time: 7.25s, valid_score: 0.041000]
Thu 18 Dec 2025 21:54:39 INFO  valid result: 
recall@10 : 0.0383    recall@20 : 0.0612    precision@10 : 0.0118    precision@20 : 0.0095    ndcg@10 : 0.0275    ndcg@20 : 0.0348    hit@10 : 0.1036    hit@20 : 0.1574    mrr@10 : 0.041    mrr@20 : 0.0447
Thu 18 Dec 2025 21:54:39 INFO  Saving current: saved/LightKG-Dec-18-2025_21-28-21.pth
Thu 18 Dec 2025 21:55:04 INFO  epoch 47 training [time: 24.90s, train loss: 63347.4559]
Thu 18 Dec 2025 21:55:11 INFO  epoch 47 evaluating [time: 7.05s, valid_score: 0.041500]
Thu 18 Dec 2025 21:55:11 INFO  valid result: 
recall@10 : 0.0391    recall@20 : 0.0625    precision@10 : 0.0121    precision@20 : 0.0097    ndcg@10 : 0.0278    ndcg@20 : 0.0353    hit@10 : 0.1064    hit@20 : 0.1602    mrr@10 : 0.0415    mrr@20 : 0.0451
Thu 18 Dec 2025 21:55:11 INFO  Saving current: saved/LightKG-Dec-18-2025_21-28-21.pth
Thu 18 Dec 2025 21:55:37 INFO  epoch 48 training [time: 25.67s, train loss: 63343.8498]
Thu 18 Dec 2025 21:55:44 INFO  epoch 48 evaluating [time: 7.30s, valid_score: 0.041700]
Thu 18 Dec 2025 21:55:44 INFO  valid result: 
recall@10 : 0.0388    recall@20 : 0.0623    precision@10 : 0.012    precision@20 : 0.0097    ndcg@10 : 0.028    ndcg@20 : 0.0356    hit@10 : 0.1046    hit@20 : 0.1598    mrr@10 : 0.0417    mrr@20 : 0.0454
Thu 18 Dec 2025 21:55:44 INFO  Saving current: saved/LightKG-Dec-18-2025_21-28-21.pth
Thu 18 Dec 2025 21:56:10 INFO  epoch 49 training [time: 25.68s, train loss: 63345.6080]
Thu 18 Dec 2025 21:56:21 INFO  epoch 49 evaluating [time: 11.34s, valid_score: 0.042700]
Thu 18 Dec 2025 21:56:21 INFO  valid result: 
recall@10 : 0.0397    recall@20 : 0.0631    precision@10 : 0.0122    precision@20 : 0.0098    ndcg@10 : 0.0285    ndcg@20 : 0.036    hit@10 : 0.1078    hit@20 : 0.1614    mrr@10 : 0.0427    mrr@20 : 0.0463
Thu 18 Dec 2025 21:56:21 INFO  Saving current: saved/LightKG-Dec-18-2025_21-28-21.pth
Thu 18 Dec 2025 21:56:48 INFO  epoch 50 training [time: 26.15s, train loss: 63344.9525]
Thu 18 Dec 2025 21:56:57 INFO  epoch 50 evaluating [time: 9.52s, valid_score: 0.043300]
Thu 18 Dec 2025 21:56:57 INFO  valid result: 
recall@10 : 0.0405    recall@20 : 0.0638    precision@10 : 0.0124    precision@20 : 0.0099    ndcg@10 : 0.029    ndcg@20 : 0.0365    hit@10 : 0.109    hit@20 : 0.1637    mrr@10 : 0.0433    mrr@20 : 0.0471
Thu 18 Dec 2025 21:56:57 INFO  Saving current: saved/LightKG-Dec-18-2025_21-28-21.pth
Thu 18 Dec 2025 21:57:24 INFO  epoch 51 training [time: 26.44s, train loss: 63344.5499]
Thu 18 Dec 2025 21:57:33 INFO  epoch 51 evaluating [time: 9.66s, valid_score: 0.042800]
Thu 18 Dec 2025 21:57:33 INFO  valid result: 
recall@10 : 0.041    recall@20 : 0.0642    precision@10 : 0.0125    precision@20 : 0.01    ndcg@10 : 0.029    ndcg@20 : 0.0366    hit@10 : 0.1104    hit@20 : 0.165    mrr@10 : 0.0428    mrr@20 : 0.0465
Thu 18 Dec 2025 21:57:58 INFO  epoch 52 training [time: 25.03s, train loss: 63341.5018]
Thu 18 Dec 2025 21:58:06 INFO  epoch 52 evaluating [time: 7.55s, valid_score: 0.043300]
Thu 18 Dec 2025 21:58:06 INFO  valid result: 
recall@10 : 0.0412    recall@20 : 0.0656    precision@10 : 0.0126    precision@20 : 0.0102    ndcg@10 : 0.0293    ndcg@20 : 0.0372    hit@10 : 0.111    hit@20 : 0.1691    mrr@10 : 0.0433    mrr@20 : 0.0473
Thu 18 Dec 2025 21:58:06 INFO  Saving current: saved/LightKG-Dec-18-2025_21-28-21.pth
Thu 18 Dec 2025 21:58:31 INFO  epoch 53 training [time: 24.89s, train loss: 63338.1036]
Thu 18 Dec 2025 21:58:38 INFO  epoch 53 evaluating [time: 7.34s, valid_score: 0.044100]
Thu 18 Dec 2025 21:58:38 INFO  valid result: 
recall@10 : 0.0412    recall@20 : 0.0661    precision@10 : 0.0127    precision@20 : 0.0103    ndcg@10 : 0.0295    ndcg@20 : 0.0375    hit@10 : 0.1129    hit@20 : 0.1703    mrr@10 : 0.0441    mrr@20 : 0.048
Thu 18 Dec 2025 21:58:38 INFO  Saving current: saved/LightKG-Dec-18-2025_21-28-21.pth
Thu 18 Dec 2025 21:59:03 INFO  epoch 54 training [time: 24.69s, train loss: 63338.7380]
Thu 18 Dec 2025 21:59:10 INFO  epoch 54 evaluating [time: 7.50s, valid_score: 0.044700]
Thu 18 Dec 2025 21:59:10 INFO  valid result: 
recall@10 : 0.0415    recall@20 : 0.0672    precision@10 : 0.0128    precision@20 : 0.0104    ndcg@10 : 0.0298    ndcg@20 : 0.038    hit@10 : 0.1138    hit@20 : 0.1723    mrr@10 : 0.0447    mrr@20 : 0.0487
Thu 18 Dec 2025 21:59:10 INFO  Saving current: saved/LightKG-Dec-18-2025_21-28-21.pth
Thu 18 Dec 2025 21:59:35 INFO  epoch 55 training [time: 24.64s, train loss: 63340.8182]
Thu 18 Dec 2025 21:59:42 INFO  epoch 55 evaluating [time: 6.80s, valid_score: 0.045000]
Thu 18 Dec 2025 21:59:42 INFO  valid result: 
recall@10 : 0.0413    recall@20 : 0.0678    precision@10 : 0.0129    precision@20 : 0.0104    ndcg@10 : 0.0301    ndcg@20 : 0.0385    hit@10 : 0.1144    hit@20 : 0.1736    mrr@10 : 0.045    mrr@20 : 0.049
Thu 18 Dec 2025 21:59:42 INFO  Saving current: saved/LightKG-Dec-18-2025_21-28-21.pth
Thu 18 Dec 2025 22:00:07 INFO  epoch 56 training [time: 25.34s, train loss: 63340.5056]
Thu 18 Dec 2025 22:00:14 INFO  epoch 56 evaluating [time: 6.81s, valid_score: 0.045000]
Thu 18 Dec 2025 22:00:14 INFO  valid result: 
recall@10 : 0.043    recall@20 : 0.0687    precision@10 : 0.0131    precision@20 : 0.0106    ndcg@10 : 0.0305    ndcg@20 : 0.0388    hit@10 : 0.1163    hit@20 : 0.1746    mrr@10 : 0.045    mrr@20 : 0.049
Thu 18 Dec 2025 22:00:14 INFO  Saving current: saved/LightKG-Dec-18-2025_21-28-21.pth
Thu 18 Dec 2025 22:00:39 INFO  epoch 57 training [time: 25.47s, train loss: 63340.4454]
Thu 18 Dec 2025 22:00:46 INFO  epoch 57 evaluating [time: 6.75s, valid_score: 0.045600]
Thu 18 Dec 2025 22:00:46 INFO  valid result: 
recall@10 : 0.0437    recall@20 : 0.0687    precision@10 : 0.0134    precision@20 : 0.0106    ndcg@10 : 0.031    ndcg@20 : 0.0389    hit@10 : 0.1178    hit@20 : 0.1748    mrr@10 : 0.0456    mrr@20 : 0.0495
Thu 18 Dec 2025 22:00:46 INFO  Saving current: saved/LightKG-Dec-18-2025_21-28-21.pth
Thu 18 Dec 2025 22:01:12 INFO  epoch 58 training [time: 25.38s, train loss: 63337.4306]
Thu 18 Dec 2025 22:01:19 INFO  epoch 58 evaluating [time: 7.15s, valid_score: 0.045900]
Thu 18 Dec 2025 22:01:19 INFO  valid result: 
recall@10 : 0.044    recall@20 : 0.0693    precision@10 : 0.0133    precision@20 : 0.0107    ndcg@10 : 0.0311    ndcg@20 : 0.0393    hit@10 : 0.1175    hit@20 : 0.177    mrr@10 : 0.0459    mrr@20 : 0.05
Thu 18 Dec 2025 22:01:19 INFO  Saving current: saved/LightKG-Dec-18-2025_21-28-21.pth
Thu 18 Dec 2025 22:01:44 INFO  epoch 59 training [time: 25.46s, train loss: 63334.7346]
Thu 18 Dec 2025 22:01:51 INFO  epoch 59 evaluating [time: 7.15s, valid_score: 0.045400]
Thu 18 Dec 2025 22:01:51 INFO  valid result: 
recall@10 : 0.0441    recall@20 : 0.0705    precision@10 : 0.0135    precision@20 : 0.0108    ndcg@10 : 0.031    ndcg@20 : 0.0395    hit@10 : 0.1189    hit@20 : 0.1792    mrr@10 : 0.0454    mrr@20 : 0.0496
Thu 18 Dec 2025 22:02:17 INFO  epoch 60 training [time: 25.82s, train loss: 63333.5971]
Thu 18 Dec 2025 22:02:28 INFO  epoch 60 evaluating [time: 10.65s, valid_score: 0.046300]
Thu 18 Dec 2025 22:02:28 INFO  valid result: 
recall@10 : 0.0443    recall@20 : 0.0703    precision@10 : 0.0136    precision@20 : 0.0108    ndcg@10 : 0.0313    ndcg@20 : 0.0396    hit@10 : 0.1205    hit@20 : 0.1781    mrr@10 : 0.0463    mrr@20 : 0.0502
Thu 18 Dec 2025 22:02:28 INFO  Saving current: saved/LightKG-Dec-18-2025_21-28-21.pth
Thu 18 Dec 2025 22:02:53 INFO  epoch 61 training [time: 25.41s, train loss: 63332.7482]
Thu 18 Dec 2025 22:03:04 INFO  epoch 61 evaluating [time: 10.70s, valid_score: 0.046700]
Thu 18 Dec 2025 22:03:04 INFO  valid result: 
recall@10 : 0.0445    recall@20 : 0.072    precision@10 : 0.0137    precision@20 : 0.011    ndcg@10 : 0.0318    ndcg@20 : 0.0405    hit@10 : 0.1212    hit@20 : 0.1823    mrr@10 : 0.0467    mrr@20 : 0.0509
Thu 18 Dec 2025 22:03:04 INFO  Saving current: saved/LightKG-Dec-18-2025_21-28-21.pth
Thu 18 Dec 2025 22:03:29 INFO  epoch 62 training [time: 25.23s, train loss: 63333.4521]
Thu 18 Dec 2025 22:03:38 INFO  epoch 62 evaluating [time: 8.67s, valid_score: 0.047000]
Thu 18 Dec 2025 22:03:38 INFO  valid result: 
recall@10 : 0.0444    recall@20 : 0.0722    precision@10 : 0.0138    precision@20 : 0.0111    ndcg@10 : 0.0317    ndcg@20 : 0.0406    hit@10 : 0.1214    hit@20 : 0.1824    mrr@10 : 0.047    mrr@20 : 0.0512
Thu 18 Dec 2025 22:03:38 INFO  Saving current: saved/LightKG-Dec-18-2025_21-28-21.pth
Thu 18 Dec 2025 22:04:03 INFO  epoch 63 training [time: 24.51s, train loss: 63330.1906]
Thu 18 Dec 2025 22:04:10 INFO  epoch 63 evaluating [time: 7.38s, valid_score: 0.047400]
Thu 18 Dec 2025 22:04:10 INFO  valid result: 
recall@10 : 0.0448    recall@20 : 0.0739    precision@10 : 0.0138    precision@20 : 0.0112    ndcg@10 : 0.0322    ndcg@20 : 0.0414    hit@10 : 0.121    hit@20 : 0.1861    mrr@10 : 0.0474    mrr@20 : 0.0518
Thu 18 Dec 2025 22:04:10 INFO  Saving current: saved/LightKG-Dec-18-2025_21-28-21.pth
Thu 18 Dec 2025 22:04:35 INFO  epoch 64 training [time: 24.65s, train loss: 63331.5430]
Thu 18 Dec 2025 22:04:42 INFO  epoch 64 evaluating [time: 7.42s, valid_score: 0.048000]
Thu 18 Dec 2025 22:04:42 INFO  valid result: 
recall@10 : 0.0458    recall@20 : 0.0726    precision@10 : 0.014    precision@20 : 0.0111    ndcg@10 : 0.0326    ndcg@20 : 0.0412    hit@10 : 0.1227    hit@20 : 0.1836    mrr@10 : 0.048    mrr@20 : 0.0521
Thu 18 Dec 2025 22:04:42 INFO  Saving current: saved/LightKG-Dec-18-2025_21-28-21.pth
Thu 18 Dec 2025 22:05:07 INFO  epoch 65 training [time: 24.59s, train loss: 63329.6818]
Thu 18 Dec 2025 22:05:14 INFO  epoch 65 evaluating [time: 7.64s, valid_score: 0.049000]
Thu 18 Dec 2025 22:05:14 INFO  valid result: 
recall@10 : 0.046    recall@20 : 0.0722    precision@10 : 0.0141    precision@20 : 0.0112    ndcg@10 : 0.0331    ndcg@20 : 0.0415    hit@10 : 0.125    hit@20 : 0.185    mrr@10 : 0.049    mrr@20 : 0.0531
Thu 18 Dec 2025 22:05:14 INFO  Saving current: saved/LightKG-Dec-18-2025_21-28-21.pth
Thu 18 Dec 2025 22:05:39 INFO  epoch 66 training [time: 24.64s, train loss: 63327.5980]
Thu 18 Dec 2025 22:05:46 INFO  epoch 66 evaluating [time: 7.44s, valid_score: 0.048500]
Thu 18 Dec 2025 22:05:46 INFO  valid result: 
recall@10 : 0.0456    recall@20 : 0.0726    precision@10 : 0.0139    precision@20 : 0.0112    ndcg@10 : 0.0328    ndcg@20 : 0.0415    hit@10 : 0.1228    hit@20 : 0.1852    mrr@10 : 0.0485    mrr@20 : 0.0528
Thu 18 Dec 2025 22:06:11 INFO  epoch 67 training [time: 24.77s, train loss: 63329.7246]
Thu 18 Dec 2025 22:06:18 INFO  epoch 67 evaluating [time: 6.79s, valid_score: 0.047600]
Thu 18 Dec 2025 22:06:18 INFO  valid result: 
recall@10 : 0.0458    recall@20 : 0.0737    precision@10 : 0.014    precision@20 : 0.0113    ndcg@10 : 0.0324    ndcg@20 : 0.0414    hit@10 : 0.1237    hit@20 : 0.1864    mrr@10 : 0.0476    mrr@20 : 0.0519
Thu 18 Dec 2025 22:06:43 INFO  epoch 68 training [time: 25.39s, train loss: 63326.4879]
Thu 18 Dec 2025 22:06:50 INFO  epoch 68 evaluating [time: 6.81s, valid_score: 0.048600]
Thu 18 Dec 2025 22:06:50 INFO  valid result: 
recall@10 : 0.0465    recall@20 : 0.0742    precision@10 : 0.0142    precision@20 : 0.0113    ndcg@10 : 0.0331    ndcg@20 : 0.042    hit@10 : 0.1252    hit@20 : 0.1867    mrr@10 : 0.0486    mrr@20 : 0.0528
Thu 18 Dec 2025 22:07:16 INFO  epoch 69 training [time: 25.46s, train loss: 63328.6376]
Thu 18 Dec 2025 22:07:22 INFO  epoch 69 evaluating [time: 6.75s, valid_score: 0.049100]
Thu 18 Dec 2025 22:07:22 INFO  valid result: 
recall@10 : 0.0467    recall@20 : 0.075    precision@10 : 0.0142    precision@20 : 0.0114    ndcg@10 : 0.0335    ndcg@20 : 0.0425    hit@10 : 0.1256    hit@20 : 0.1876    mrr@10 : 0.0491    mrr@20 : 0.0533
Thu 18 Dec 2025 22:07:22 INFO  Saving current: saved/LightKG-Dec-18-2025_21-28-21.pth
Thu 18 Dec 2025 22:07:48 INFO  epoch 70 training [time: 25.44s, train loss: 63329.9155]
Thu 18 Dec 2025 22:07:54 INFO  epoch 70 evaluating [time: 6.59s, valid_score: 0.048500]
Thu 18 Dec 2025 22:07:54 INFO  valid result: 
recall@10 : 0.0468    recall@20 : 0.0739    precision@10 : 0.0142    precision@20 : 0.0113    ndcg@10 : 0.0332    ndcg@20 : 0.0419    hit@10 : 0.1261    hit@20 : 0.1865    mrr@10 : 0.0485    mrr@20 : 0.0526
Thu 18 Dec 2025 22:08:20 INFO  epoch 71 training [time: 25.83s, train loss: 63324.7111]
Thu 18 Dec 2025 22:08:30 INFO  epoch 71 evaluating [time: 9.40s, valid_score: 0.048600]
Thu 18 Dec 2025 22:08:30 INFO  valid result: 
recall@10 : 0.0469    recall@20 : 0.0747    precision@10 : 0.0142    precision@20 : 0.0114    ndcg@10 : 0.0333    ndcg@20 : 0.0421    hit@10 : 0.1256    hit@20 : 0.1877    mrr@10 : 0.0486    mrr@20 : 0.0528
Thu 18 Dec 2025 22:08:56 INFO  epoch 72 training [time: 26.23s, train loss: 63326.9099]
Thu 18 Dec 2025 22:09:07 INFO  epoch 72 evaluating [time: 11.03s, valid_score: 0.048900]
Thu 18 Dec 2025 22:09:07 INFO  valid result: 
recall@10 : 0.0468    recall@20 : 0.0758    precision@10 : 0.0141    precision@20 : 0.0115    ndcg@10 : 0.0334    ndcg@20 : 0.0427    hit@10 : 0.1253    hit@20 : 0.19    mrr@10 : 0.0489    mrr@20 : 0.0534
Thu 18 Dec 2025 22:09:32 INFO  epoch 73 training [time: 25.25s, train loss: 63321.5197]
Thu 18 Dec 2025 22:09:40 INFO  epoch 73 evaluating [time: 7.88s, valid_score: 0.049300]
Thu 18 Dec 2025 22:09:40 INFO  valid result: 
recall@10 : 0.0475    recall@20 : 0.0765    precision@10 : 0.0142    precision@20 : 0.0116    ndcg@10 : 0.0338    ndcg@20 : 0.0432    hit@10 : 0.1259    hit@20 : 0.1912    mrr@10 : 0.0493    mrr@20 : 0.0538
Thu 18 Dec 2025 22:09:40 INFO  Saving current: saved/LightKG-Dec-18-2025_21-28-21.pth
Thu 18 Dec 2025 22:10:05 INFO  epoch 74 training [time: 24.69s, train loss: 63326.4845]
Thu 18 Dec 2025 22:10:12 INFO  epoch 74 evaluating [time: 7.29s, valid_score: 0.049600]
Thu 18 Dec 2025 22:10:12 INFO  valid result: 
recall@10 : 0.0479    recall@20 : 0.0774    precision@10 : 0.0144    precision@20 : 0.0117    ndcg@10 : 0.0341    ndcg@20 : 0.0435    hit@10 : 0.1287    hit@20 : 0.1918    mrr@10 : 0.0496    mrr@20 : 0.054
Thu 18 Dec 2025 22:10:12 INFO  Saving current: saved/LightKG-Dec-18-2025_21-28-21.pth
Thu 18 Dec 2025 22:10:37 INFO  epoch 75 training [time: 24.76s, train loss: 63321.1332]
Thu 18 Dec 2025 22:10:44 INFO  epoch 75 evaluating [time: 7.29s, valid_score: 0.049900]
Thu 18 Dec 2025 22:10:44 INFO  valid result: 
recall@10 : 0.0481    recall@20 : 0.0758    precision@10 : 0.0145    precision@20 : 0.0116    ndcg@10 : 0.0342    ndcg@20 : 0.0432    hit@10 : 0.1288    hit@20 : 0.1915    mrr@10 : 0.0499    mrr@20 : 0.0542
Thu 18 Dec 2025 22:10:44 INFO  Saving current: saved/LightKG-Dec-18-2025_21-28-21.pth
Thu 18 Dec 2025 22:11:09 INFO  epoch 76 training [time: 24.62s, train loss: 63320.8928]
Thu 18 Dec 2025 22:11:16 INFO  epoch 76 evaluating [time: 7.57s, valid_score: 0.049300]
Thu 18 Dec 2025 22:11:16 INFO  valid result: 
recall@10 : 0.048    recall@20 : 0.0779    precision@10 : 0.0144    precision@20 : 0.0118    ndcg@10 : 0.0338    ndcg@20 : 0.0434    hit@10 : 0.1278    hit@20 : 0.194    mrr@10 : 0.0493    mrr@20 : 0.0538
Thu 18 Dec 2025 22:11:41 INFO  epoch 77 training [time: 24.69s, train loss: 63322.3922]
Thu 18 Dec 2025 22:11:48 INFO  epoch 77 evaluating [time: 6.65s, valid_score: 0.050000]
Thu 18 Dec 2025 22:11:48 INFO  valid result: 
recall@10 : 0.0487    recall@20 : 0.0781    precision@10 : 0.0146    precision@20 : 0.0118    ndcg@10 : 0.0343    ndcg@20 : 0.0437    hit@10 : 0.1301    hit@20 : 0.1954    mrr@10 : 0.05    mrr@20 : 0.0545
Thu 18 Dec 2025 22:11:48 INFO  Saving current: saved/LightKG-Dec-18-2025_21-28-21.pth
Thu 18 Dec 2025 22:12:13 INFO  epoch 78 training [time: 25.40s, train loss: 63320.7191]
Thu 18 Dec 2025 22:12:20 INFO  epoch 78 evaluating [time: 6.75s, valid_score: 0.050300]
Thu 18 Dec 2025 22:12:20 INFO  valid result: 
recall@10 : 0.049    recall@20 : 0.0786    precision@10 : 0.0146    precision@20 : 0.0119    ndcg@10 : 0.0345    ndcg@20 : 0.044    hit@10 : 0.1294    hit@20 : 0.1959    mrr@10 : 0.0503    mrr@20 : 0.0549
Thu 18 Dec 2025 22:12:20 INFO  Saving current: saved/LightKG-Dec-18-2025_21-28-21.pth
Thu 18 Dec 2025 22:12:46 INFO  epoch 79 training [time: 25.57s, train loss: 63319.4133]
Thu 18 Dec 2025 22:12:52 INFO  epoch 79 evaluating [time: 6.81s, valid_score: 0.051500]
Thu 18 Dec 2025 22:12:52 INFO  valid result: 
recall@10 : 0.0491    recall@20 : 0.0781    precision@10 : 0.0146    precision@20 : 0.0119    ndcg@10 : 0.035    ndcg@20 : 0.0444    hit@10 : 0.1293    hit@20 : 0.1943    mrr@10 : 0.0515    mrr@20 : 0.056
Thu 18 Dec 2025 22:12:52 INFO  Saving current: saved/LightKG-Dec-18-2025_21-28-21.pth
Thu 18 Dec 2025 22:13:18 INFO  epoch 80 training [time: 25.55s, train loss: 63321.4898]
Thu 18 Dec 2025 22:13:25 INFO  epoch 80 evaluating [time: 6.72s, valid_score: 0.051600]
Thu 18 Dec 2025 22:13:25 INFO  valid result: 
recall@10 : 0.0492    recall@20 : 0.0787    precision@10 : 0.0146    precision@20 : 0.0118    ndcg@10 : 0.035    ndcg@20 : 0.0445    hit@10 : 0.1299    hit@20 : 0.195    mrr@10 : 0.0516    mrr@20 : 0.056
Thu 18 Dec 2025 22:13:25 INFO  Saving current: saved/LightKG-Dec-18-2025_21-28-21.pth
Thu 18 Dec 2025 22:13:50 INFO  epoch 81 training [time: 25.42s, train loss: 63320.0101]
Thu 18 Dec 2025 22:13:57 INFO  epoch 81 evaluating [time: 6.63s, valid_score: 0.051200]
Thu 18 Dec 2025 22:13:57 INFO  valid result: 
recall@10 : 0.0495    recall@20 : 0.079    precision@10 : 0.0146    precision@20 : 0.0119    ndcg@10 : 0.035    ndcg@20 : 0.0446    hit@10 : 0.1293    hit@20 : 0.1955    mrr@10 : 0.0512    mrr@20 : 0.0558
Thu 18 Dec 2025 22:14:23 INFO  epoch 82 training [time: 25.76s, train loss: 63318.8423]
Thu 18 Dec 2025 22:14:33 INFO  epoch 82 evaluating [time: 10.15s, valid_score: 0.051600]
Thu 18 Dec 2025 22:14:33 INFO  valid result: 
recall@10 : 0.0495    recall@20 : 0.0803    precision@10 : 0.0147    precision@20 : 0.0121    ndcg@10 : 0.0352    ndcg@20 : 0.0452    hit@10 : 0.1292    hit@20 : 0.1981    mrr@10 : 0.0516    mrr@20 : 0.0563
Thu 18 Dec 2025 22:14:33 INFO  Saving current: saved/LightKG-Dec-18-2025_21-28-21.pth
Thu 18 Dec 2025 22:14:59 INFO  epoch 83 training [time: 26.15s, train loss: 63318.7460]
Thu 18 Dec 2025 22:15:10 INFO  epoch 83 evaluating [time: 10.59s, valid_score: 0.051700]
Thu 18 Dec 2025 22:15:10 INFO  valid result: 
recall@10 : 0.0496    recall@20 : 0.0795    precision@10 : 0.0148    precision@20 : 0.012    ndcg@10 : 0.0352    ndcg@20 : 0.0448    hit@10 : 0.1313    hit@20 : 0.1971    mrr@10 : 0.0517    mrr@20 : 0.0563
Thu 18 Dec 2025 22:15:10 INFO  Saving current: saved/LightKG-Dec-18-2025_21-28-21.pth
Thu 18 Dec 2025 22:15:35 INFO  epoch 84 training [time: 25.38s, train loss: 63316.7277]
Thu 18 Dec 2025 22:15:42 INFO  epoch 84 evaluating [time: 7.32s, valid_score: 0.052100]
Thu 18 Dec 2025 22:15:42 INFO  valid result: 
recall@10 : 0.0496    recall@20 : 0.0803    precision@10 : 0.0148    precision@20 : 0.0121    ndcg@10 : 0.0354    ndcg@20 : 0.0452    hit@10 : 0.1309    hit@20 : 0.1989    mrr@10 : 0.0521    mrr@20 : 0.0568
Thu 18 Dec 2025 22:15:42 INFO  Saving current: saved/LightKG-Dec-18-2025_21-28-21.pth
Thu 18 Dec 2025 22:16:07 INFO  epoch 85 training [time: 24.78s, train loss: 63316.9673]
Thu 18 Dec 2025 22:16:15 INFO  epoch 85 evaluating [time: 7.67s, valid_score: 0.052300]
Thu 18 Dec 2025 22:16:15 INFO  valid result: 
recall@10 : 0.0497    recall@20 : 0.0812    precision@10 : 0.0148    precision@20 : 0.0122    ndcg@10 : 0.0355    ndcg@20 : 0.0456    hit@10 : 0.1308    hit@20 : 0.1998    mrr@10 : 0.0523    mrr@20 : 0.057
Thu 18 Dec 2025 22:16:15 INFO  Saving current: saved/LightKG-Dec-18-2025_21-28-21.pth
Thu 18 Dec 2025 22:16:40 INFO  epoch 86 training [time: 25.18s, train loss: 63316.7158]
Thu 18 Dec 2025 22:16:48 INFO  epoch 86 evaluating [time: 7.82s, valid_score: 0.052300]
Thu 18 Dec 2025 22:16:48 INFO  valid result: 
recall@10 : 0.0505    recall@20 : 0.0819    precision@10 : 0.0149    precision@20 : 0.0122    ndcg@10 : 0.0359    ndcg@20 : 0.046    hit@10 : 0.1329    hit@20 : 0.2021    mrr@10 : 0.0523    mrr@20 : 0.057
Thu 18 Dec 2025 22:16:48 INFO  Saving current: saved/LightKG-Dec-18-2025_21-28-21.pth
Thu 18 Dec 2025 22:17:13 INFO  epoch 87 training [time: 25.19s, train loss: 63318.9492]
Thu 18 Dec 2025 22:17:21 INFO  epoch 87 evaluating [time: 8.05s, valid_score: 0.052700]
Thu 18 Dec 2025 22:17:21 INFO  valid result: 
recall@10 : 0.0505    recall@20 : 0.0814    precision@10 : 0.0151    precision@20 : 0.0123    ndcg@10 : 0.036    ndcg@20 : 0.046    hit@10 : 0.133    hit@20 : 0.2014    mrr@10 : 0.0527    mrr@20 : 0.0574
Thu 18 Dec 2025 22:17:21 INFO  Saving current: saved/LightKG-Dec-18-2025_21-28-21.pth
Thu 18 Dec 2025 22:17:46 INFO  epoch 88 training [time: 25.10s, train loss: 63313.3820]
Thu 18 Dec 2025 22:17:54 INFO  epoch 88 evaluating [time: 8.04s, valid_score: 0.052300]
Thu 18 Dec 2025 22:17:54 INFO  valid result: 
recall@10 : 0.0513    recall@20 : 0.0824    precision@10 : 0.0152    precision@20 : 0.0123    ndcg@10 : 0.0361    ndcg@20 : 0.0461    hit@10 : 0.1341    hit@20 : 0.2018    mrr@10 : 0.0523    mrr@20 : 0.057
Thu 18 Dec 2025 22:18:19 INFO  epoch 89 training [time: 25.16s, train loss: 63312.7647]
Thu 18 Dec 2025 22:18:27 INFO  epoch 89 evaluating [time: 7.81s, valid_score: 0.052400]
Thu 18 Dec 2025 22:18:27 INFO  valid result: 
recall@10 : 0.0511    recall@20 : 0.0826    precision@10 : 0.0151    precision@20 : 0.0124    ndcg@10 : 0.0361    ndcg@20 : 0.0462    hit@10 : 0.134    hit@20 : 0.2027    mrr@10 : 0.0524    mrr@20 : 0.0571
Thu 18 Dec 2025 22:18:52 INFO  epoch 90 training [time: 24.94s, train loss: 63315.8374]
Thu 18 Dec 2025 22:19:00 INFO  epoch 90 evaluating [time: 7.95s, valid_score: 0.053000]
Thu 18 Dec 2025 22:19:00 INFO  valid result: 
recall@10 : 0.0515    recall@20 : 0.0821    precision@10 : 0.0153    precision@20 : 0.0123    ndcg@10 : 0.0363    ndcg@20 : 0.0461    hit@10 : 0.1358    hit@20 : 0.2021    mrr@10 : 0.053    mrr@20 : 0.0575
Thu 18 Dec 2025 22:19:00 INFO  Saving current: saved/LightKG-Dec-18-2025_21-28-21.pth
Thu 18 Dec 2025 22:19:25 INFO  epoch 91 training [time: 24.51s, train loss: 63310.9436]
Thu 18 Dec 2025 22:19:33 INFO  epoch 91 evaluating [time: 7.87s, valid_score: 0.052800]
Thu 18 Dec 2025 22:19:33 INFO  valid result: 
recall@10 : 0.052    recall@20 : 0.0824    precision@10 : 0.0152    precision@20 : 0.0124    ndcg@10 : 0.0364    ndcg@20 : 0.0463    hit@10 : 0.1356    hit@20 : 0.2028    mrr@10 : 0.0528    mrr@20 : 0.0574
Thu 18 Dec 2025 22:19:57 INFO  epoch 92 training [time: 24.66s, train loss: 63314.0767]
Thu 18 Dec 2025 22:20:04 INFO  epoch 92 evaluating [time: 6.93s, valid_score: 0.053200]
Thu 18 Dec 2025 22:20:04 INFO  valid result: 
recall@10 : 0.0523    recall@20 : 0.0837    precision@10 : 0.0154    precision@20 : 0.0126    ndcg@10 : 0.0368    ndcg@20 : 0.0469    hit@10 : 0.1365    hit@20 : 0.2057    mrr@10 : 0.0532    mrr@20 : 0.0579
Thu 18 Dec 2025 22:20:05 INFO  Saving current: saved/LightKG-Dec-18-2025_21-28-21.pth
Thu 18 Dec 2025 22:20:31 INFO  epoch 93 training [time: 25.77s, train loss: 63311.5108]
Thu 18 Dec 2025 22:20:42 INFO  epoch 93 evaluating [time: 10.78s, valid_score: 0.053200]
Thu 18 Dec 2025 22:20:42 INFO  valid result: 
recall@10 : 0.0524    recall@20 : 0.0843    precision@10 : 0.0154    precision@20 : 0.0125    ndcg@10 : 0.0369    ndcg@20 : 0.047    hit@10 : 0.1366    hit@20 : 0.2053    mrr@10 : 0.0532    mrr@20 : 0.0579
Thu 18 Dec 2025 22:20:42 INFO  Saving current: saved/LightKG-Dec-18-2025_21-28-21.pth
Thu 18 Dec 2025 22:21:07 INFO  epoch 94 training [time: 25.84s, train loss: 63309.6393]
Thu 18 Dec 2025 22:21:16 INFO  epoch 94 evaluating [time: 8.71s, valid_score: 0.053800]
Thu 18 Dec 2025 22:21:16 INFO  valid result: 
recall@10 : 0.0522    recall@20 : 0.0853    precision@10 : 0.0154    precision@20 : 0.0127    ndcg@10 : 0.037    ndcg@20 : 0.0475    hit@10 : 0.1372    hit@20 : 0.2069    mrr@10 : 0.0538    mrr@20 : 0.0586
Thu 18 Dec 2025 22:21:16 INFO  Saving current: saved/LightKG-Dec-18-2025_21-28-21.pth
Thu 18 Dec 2025 22:21:41 INFO  epoch 95 training [time: 25.03s, train loss: 63312.1315]
Thu 18 Dec 2025 22:21:49 INFO  epoch 95 evaluating [time: 7.93s, valid_score: 0.053300]
Thu 18 Dec 2025 22:21:49 INFO  valid result: 
recall@10 : 0.0522    recall@20 : 0.0854    precision@10 : 0.0154    precision@20 : 0.0128    ndcg@10 : 0.0369    ndcg@20 : 0.0475    hit@10 : 0.1365    hit@20 : 0.2086    mrr@10 : 0.0533    mrr@20 : 0.0582
Thu 18 Dec 2025 22:22:14 INFO  epoch 96 training [time: 24.89s, train loss: 63310.3950]
Thu 18 Dec 2025 22:22:22 INFO  epoch 96 evaluating [time: 8.00s, valid_score: 0.053600]
Thu 18 Dec 2025 22:22:22 INFO  valid result: 
recall@10 : 0.0522    recall@20 : 0.0858    precision@10 : 0.0153    precision@20 : 0.0128    ndcg@10 : 0.0369    ndcg@20 : 0.0477    hit@10 : 0.1361    hit@20 : 0.209    mrr@10 : 0.0536    mrr@20 : 0.0586
Thu 18 Dec 2025 22:22:47 INFO  epoch 97 training [time: 24.87s, train loss: 63309.6894]
Thu 18 Dec 2025 22:22:55 INFO  epoch 97 evaluating [time: 7.71s, valid_score: 0.053600]
Thu 18 Dec 2025 22:22:55 INFO  valid result: 
recall@10 : 0.0528    recall@20 : 0.0861    precision@10 : 0.0155    precision@20 : 0.0128    ndcg@10 : 0.0371    ndcg@20 : 0.0478    hit@10 : 0.1368    hit@20 : 0.2099    mrr@10 : 0.0536    mrr@20 : 0.0586
Thu 18 Dec 2025 22:23:19 INFO  epoch 98 training [time: 24.83s, train loss: 63307.8430]
Thu 18 Dec 2025 22:23:28 INFO  epoch 98 evaluating [time: 8.99s, valid_score: 0.054000]
Thu 18 Dec 2025 22:23:28 INFO  valid result: 
recall@10 : 0.0521    recall@20 : 0.0867    precision@10 : 0.0153    precision@20 : 0.0128    ndcg@10 : 0.037    ndcg@20 : 0.0481    hit@10 : 0.1358    hit@20 : 0.2104    mrr@10 : 0.054    mrr@20 : 0.0592
Thu 18 Dec 2025 22:23:29 INFO  Saving current: saved/LightKG-Dec-18-2025_21-28-21.pth
Thu 18 Dec 2025 22:23:54 INFO  epoch 99 training [time: 25.23s, train loss: 63310.4829]
Thu 18 Dec 2025 22:24:02 INFO  epoch 99 evaluating [time: 7.99s, valid_score: 0.053500]
Thu 18 Dec 2025 22:24:02 INFO  valid result: 
recall@10 : 0.0528    recall@20 : 0.0872    precision@10 : 0.0156    precision@20 : 0.0129    ndcg@10 : 0.0371    ndcg@20 : 0.0481    hit@10 : 0.1375    hit@20 : 0.2117    mrr@10 : 0.0535    mrr@20 : 0.0586
Thu 18 Dec 2025 22:24:27 INFO  epoch 100 training [time: 25.25s, train loss: 63306.6583]
Thu 18 Dec 2025 22:24:36 INFO  epoch 100 evaluating [time: 9.24s, valid_score: 0.054800]
Thu 18 Dec 2025 22:24:36 INFO  valid result: 
recall@10 : 0.054    recall@20 : 0.0876    precision@10 : 0.0158    precision@20 : 0.0129    ndcg@10 : 0.0379    ndcg@20 : 0.0486    hit@10 : 0.1402    hit@20 : 0.2118    mrr@10 : 0.0548    mrr@20 : 0.0596
Thu 18 Dec 2025 22:24:36 INFO  Saving current: saved/LightKG-Dec-18-2025_21-28-21.pth
Thu 18 Dec 2025 22:25:01 INFO  epoch 101 training [time: 24.70s, train loss: 63308.4121]
Thu 18 Dec 2025 22:25:09 INFO  epoch 101 evaluating [time: 7.81s, valid_score: 0.054700]
Thu 18 Dec 2025 22:25:09 INFO  valid result: 
recall@10 : 0.0534    recall@20 : 0.087    precision@10 : 0.0156    precision@20 : 0.0129    ndcg@10 : 0.0375    ndcg@20 : 0.0483    hit@10 : 0.1384    hit@20 : 0.211    mrr@10 : 0.0547    mrr@20 : 0.0596
Thu 18 Dec 2025 22:25:34 INFO  epoch 102 training [time: 24.75s, train loss: 63306.9452]
Thu 18 Dec 2025 22:25:41 INFO  epoch 102 evaluating [time: 7.63s, valid_score: 0.054600]
Thu 18 Dec 2025 22:25:41 INFO  valid result: 
recall@10 : 0.0537    recall@20 : 0.0871    precision@10 : 0.0157    precision@20 : 0.0128    ndcg@10 : 0.0375    ndcg@20 : 0.0482    hit@10 : 0.1387    hit@20 : 0.2111    mrr@10 : 0.0546    mrr@20 : 0.0596
Thu 18 Dec 2025 22:26:06 INFO  epoch 103 training [time: 24.73s, train loss: 63304.6271]
Thu 18 Dec 2025 22:26:17 INFO  epoch 103 evaluating [time: 11.55s, valid_score: 0.054600]
Thu 18 Dec 2025 22:26:17 INFO  valid result: 
recall@10 : 0.0533    recall@20 : 0.0874    precision@10 : 0.0157    precision@20 : 0.0129    ndcg@10 : 0.0375    ndcg@20 : 0.0484    hit@10 : 0.139    hit@20 : 0.2123    mrr@10 : 0.0546    mrr@20 : 0.0596
Thu 18 Dec 2025 22:26:44 INFO  epoch 104 training [time: 26.51s, train loss: 63303.0432]
Thu 18 Dec 2025 22:26:53 INFO  epoch 104 evaluating [time: 8.64s, valid_score: 0.055400]
Thu 18 Dec 2025 22:26:53 INFO  valid result: 
recall@10 : 0.0539    recall@20 : 0.0875    precision@10 : 0.0158    precision@20 : 0.013    ndcg@10 : 0.038    ndcg@20 : 0.0487    hit@10 : 0.1397    hit@20 : 0.2127    mrr@10 : 0.0554    mrr@20 : 0.0603
Thu 18 Dec 2025 22:26:53 INFO  Saving current: saved/LightKG-Dec-18-2025_21-28-21.pth
Thu 18 Dec 2025 22:27:19 INFO  epoch 105 training [time: 26.42s, train loss: 63304.7726]
Thu 18 Dec 2025 22:27:28 INFO  epoch 105 evaluating [time: 8.47s, valid_score: 0.055300]
Thu 18 Dec 2025 22:27:28 INFO  valid result: 
recall@10 : 0.0536    recall@20 : 0.0877    precision@10 : 0.0157    precision@20 : 0.0131    ndcg@10 : 0.0378    ndcg@20 : 0.0489    hit@10 : 0.1386    hit@20 : 0.2133    mrr@10 : 0.0553    mrr@20 : 0.0604
Thu 18 Dec 2025 22:27:53 INFO  epoch 106 training [time: 25.84s, train loss: 63303.2144]
Thu 18 Dec 2025 22:28:00 INFO  epoch 106 evaluating [time: 6.93s, valid_score: 0.055400]
Thu 18 Dec 2025 22:28:00 INFO  valid result: 
recall@10 : 0.0536    recall@20 : 0.0878    precision@10 : 0.0157    precision@20 : 0.0131    ndcg@10 : 0.038    ndcg@20 : 0.049    hit@10 : 0.1387    hit@20 : 0.2137    mrr@10 : 0.0554    mrr@20 : 0.0606
Thu 18 Dec 2025 22:28:00 INFO  Saving current: saved/LightKG-Dec-18-2025_21-28-21.pth
Thu 18 Dec 2025 22:28:26 INFO  epoch 107 training [time: 26.02s, train loss: 63304.4001]
Thu 18 Dec 2025 22:28:34 INFO  epoch 107 evaluating [time: 7.49s, valid_score: 0.055500]
Thu 18 Dec 2025 22:28:34 INFO  valid result: 
recall@10 : 0.054    recall@20 : 0.087    precision@10 : 0.0159    precision@20 : 0.013    ndcg@10 : 0.0382    ndcg@20 : 0.0488    hit@10 : 0.1398    hit@20 : 0.212    mrr@10 : 0.0555    mrr@20 : 0.0605
Thu 18 Dec 2025 22:28:34 INFO  Saving current: saved/LightKG-Dec-18-2025_21-28-21.pth
Thu 18 Dec 2025 22:29:00 INFO  epoch 108 training [time: 25.66s, train loss: 63303.1499]
Thu 18 Dec 2025 22:29:07 INFO  epoch 108 evaluating [time: 7.30s, valid_score: 0.055800]
Thu 18 Dec 2025 22:29:07 INFO  valid result: 
recall@10 : 0.054    recall@20 : 0.0867    precision@10 : 0.0158    precision@20 : 0.013    ndcg@10 : 0.0382    ndcg@20 : 0.0489    hit@10 : 0.1389    hit@20 : 0.2127    mrr@10 : 0.0558    mrr@20 : 0.0609
Thu 18 Dec 2025 22:29:07 INFO  Saving current: saved/LightKG-Dec-18-2025_21-28-21.pth
Thu 18 Dec 2025 22:29:32 INFO  epoch 109 training [time: 25.57s, train loss: 63304.1402]
Thu 18 Dec 2025 22:29:40 INFO  epoch 109 evaluating [time: 7.18s, valid_score: 0.056100]
Thu 18 Dec 2025 22:29:40 INFO  valid result: 
recall@10 : 0.0555    recall@20 : 0.0884    precision@10 : 0.0162    precision@20 : 0.0132    ndcg@10 : 0.039    ndcg@20 : 0.0496    hit@10 : 0.142    hit@20 : 0.2149    mrr@10 : 0.0561    mrr@20 : 0.0611
Thu 18 Dec 2025 22:29:40 INFO  Saving current: saved/LightKG-Dec-18-2025_21-28-21.pth
Thu 18 Dec 2025 22:30:05 INFO  epoch 110 training [time: 25.53s, train loss: 63303.2714]
Thu 18 Dec 2025 22:30:13 INFO  epoch 110 evaluating [time: 7.95s, valid_score: 0.056000]
Thu 18 Dec 2025 22:30:13 INFO  valid result: 
recall@10 : 0.0549    recall@20 : 0.0888    precision@10 : 0.0162    precision@20 : 0.0133    ndcg@10 : 0.0387    ndcg@20 : 0.0497    hit@10 : 0.1423    hit@20 : 0.2146    mrr@10 : 0.056    mrr@20 : 0.0609
Thu 18 Dec 2025 22:30:39 INFO  epoch 111 training [time: 26.07s, train loss: 63301.5941]
Thu 18 Dec 2025 22:30:47 INFO  epoch 111 evaluating [time: 7.29s, valid_score: 0.056400]
Thu 18 Dec 2025 22:30:47 INFO  valid result: 
recall@10 : 0.0552    recall@20 : 0.0896    precision@10 : 0.0163    precision@20 : 0.0133    ndcg@10 : 0.039    ndcg@20 : 0.05    hit@10 : 0.1432    hit@20 : 0.2171    mrr@10 : 0.0564    mrr@20 : 0.0614
Thu 18 Dec 2025 22:30:47 INFO  Saving current: saved/LightKG-Dec-18-2025_21-28-21.pth
Thu 18 Dec 2025 22:31:12 INFO  epoch 112 training [time: 25.48s, train loss: 63298.4865]
Thu 18 Dec 2025 22:31:19 INFO  epoch 112 evaluating [time: 7.26s, valid_score: 0.056800]
Thu 18 Dec 2025 22:31:19 INFO  valid result: 
recall@10 : 0.0559    recall@20 : 0.0892    precision@10 : 0.0164    precision@20 : 0.0133    ndcg@10 : 0.0394    ndcg@20 : 0.0501    hit@10 : 0.1445    hit@20 : 0.2158    mrr@10 : 0.0568    mrr@20 : 0.0617
Thu 18 Dec 2025 22:31:19 INFO  Saving current: saved/LightKG-Dec-18-2025_21-28-21.pth
Thu 18 Dec 2025 22:31:45 INFO  epoch 113 training [time: 25.60s, train loss: 63302.3776]
Thu 18 Dec 2025 22:31:52 INFO  epoch 113 evaluating [time: 7.20s, valid_score: 0.056000]
Thu 18 Dec 2025 22:31:52 INFO  valid result: 
recall@10 : 0.0551    recall@20 : 0.0888    precision@10 : 0.0162    precision@20 : 0.0132    ndcg@10 : 0.0389    ndcg@20 : 0.0497    hit@10 : 0.1422    hit@20 : 0.2151    mrr@10 : 0.056    mrr@20 : 0.061
Thu 18 Dec 2025 22:32:18 INFO  epoch 114 training [time: 25.86s, train loss: 63299.1245]
Thu 18 Dec 2025 22:32:29 INFO  epoch 114 evaluating [time: 11.33s, valid_score: 0.056400]
Thu 18 Dec 2025 22:32:29 INFO  valid result: 
recall@10 : 0.0552    recall@20 : 0.0897    precision@10 : 0.0162    precision@20 : 0.0133    ndcg@10 : 0.0391    ndcg@20 : 0.0502    hit@10 : 0.1427    hit@20 : 0.2169    mrr@10 : 0.0564    mrr@20 : 0.0615
Thu 18 Dec 2025 22:32:56 INFO  epoch 115 training [time: 26.33s, train loss: 63295.8755]
Thu 18 Dec 2025 22:33:06 INFO  epoch 115 evaluating [time: 10.08s, valid_score: 0.056300]
Thu 18 Dec 2025 22:33:06 INFO  valid result: 
recall@10 : 0.0561    recall@20 : 0.0895    precision@10 : 0.0164    precision@20 : 0.0132    ndcg@10 : 0.0393    ndcg@20 : 0.05    hit@10 : 0.1448    hit@20 : 0.2164    mrr@10 : 0.0563    mrr@20 : 0.0612
Thu 18 Dec 2025 22:33:32 INFO  epoch 116 training [time: 26.37s, train loss: 63299.4938]
Thu 18 Dec 2025 22:33:40 INFO  epoch 116 evaluating [time: 8.34s, valid_score: 0.057500]
Thu 18 Dec 2025 22:33:40 INFO  valid result: 
recall@10 : 0.0551    recall@20 : 0.0904    precision@10 : 0.0162    precision@20 : 0.0134    ndcg@10 : 0.0395    ndcg@20 : 0.0508    hit@10 : 0.1426    hit@20 : 0.2179    mrr@10 : 0.0575    mrr@20 : 0.0627
Thu 18 Dec 2025 22:33:41 INFO  Saving current: saved/LightKG-Dec-18-2025_21-28-21.pth
Thu 18 Dec 2025 22:34:06 INFO  epoch 117 training [time: 25.77s, train loss: 63296.1894]
Thu 18 Dec 2025 22:34:13 INFO  epoch 117 evaluating [time: 7.09s, valid_score: 0.057500]
Thu 18 Dec 2025 22:34:13 INFO  valid result: 
recall@10 : 0.0565    recall@20 : 0.0908    precision@10 : 0.0164    precision@20 : 0.0134    ndcg@10 : 0.0399    ndcg@20 : 0.0509    hit@10 : 0.1445    hit@20 : 0.2185    mrr@10 : 0.0575    mrr@20 : 0.0626
Thu 18 Dec 2025 22:34:13 INFO  Saving current: saved/LightKG-Dec-18-2025_21-28-21.pth
Thu 18 Dec 2025 22:34:39 INFO  epoch 118 training [time: 26.01s, train loss: 63296.6217]
Thu 18 Dec 2025 22:34:46 INFO  epoch 118 evaluating [time: 6.94s, valid_score: 0.057100]
Thu 18 Dec 2025 22:34:46 INFO  valid result: 
recall@10 : 0.0563    recall@20 : 0.0909    precision@10 : 0.0164    precision@20 : 0.0134    ndcg@10 : 0.0397    ndcg@20 : 0.0508    hit@10 : 0.1442    hit@20 : 0.2189    mrr@10 : 0.0571    mrr@20 : 0.0622
Thu 18 Dec 2025 22:35:12 INFO  epoch 119 training [time: 25.56s, train loss: 63300.1627]
Thu 18 Dec 2025 22:35:19 INFO  epoch 119 evaluating [time: 6.95s, valid_score: 0.057600]
Thu 18 Dec 2025 22:35:19 INFO  valid result: 
recall@10 : 0.056    recall@20 : 0.0914    precision@10 : 0.0165    precision@20 : 0.0135    ndcg@10 : 0.0398    ndcg@20 : 0.0511    hit@10 : 0.1448    hit@20 : 0.2199    mrr@10 : 0.0576    mrr@20 : 0.0627
Thu 18 Dec 2025 22:35:19 INFO  Saving current: saved/LightKG-Dec-18-2025_21-28-21.pth
Thu 18 Dec 2025 22:35:45 INFO  epoch 120 training [time: 25.65s, train loss: 63295.0704]
Thu 18 Dec 2025 22:35:51 INFO  epoch 120 evaluating [time: 6.85s, valid_score: 0.058100]
Thu 18 Dec 2025 22:35:51 INFO  valid result: 
recall@10 : 0.0574    recall@20 : 0.0906    precision@10 : 0.0167    precision@20 : 0.0134    ndcg@10 : 0.0404    ndcg@20 : 0.051    hit@10 : 0.1472    hit@20 : 0.2197    mrr@10 : 0.0581    mrr@20 : 0.063
Thu 18 Dec 2025 22:35:52 INFO  Saving current: saved/LightKG-Dec-18-2025_21-28-21.pth
Thu 18 Dec 2025 22:36:17 INFO  epoch 121 training [time: 25.96s, train loss: 63295.5308]
Thu 18 Dec 2025 22:36:25 INFO  epoch 121 evaluating [time: 7.23s, valid_score: 0.058100]
Thu 18 Dec 2025 22:36:25 INFO  valid result: 
recall@10 : 0.0566    recall@20 : 0.0904    precision@10 : 0.0166    precision@20 : 0.0135    ndcg@10 : 0.04    ndcg@20 : 0.051    hit@10 : 0.1462    hit@20 : 0.2203    mrr@10 : 0.0581    mrr@20 : 0.0632
Thu 18 Dec 2025 22:36:25 INFO  Saving current: saved/LightKG-Dec-18-2025_21-28-21.pth
Thu 18 Dec 2025 22:36:51 INFO  epoch 122 training [time: 26.03s, train loss: 63298.9005]
Thu 18 Dec 2025 22:37:06 INFO  epoch 122 evaluating [time: 14.88s, valid_score: 0.057800]
Thu 18 Dec 2025 22:37:06 INFO  valid result: 
recall@10 : 0.057    recall@20 : 0.0895    precision@10 : 0.0166    precision@20 : 0.0133    ndcg@10 : 0.0401    ndcg@20 : 0.0506    hit@10 : 0.1462    hit@20 : 0.2178    mrr@10 : 0.0578    mrr@20 : 0.0627
Thu 18 Dec 2025 22:37:31 INFO  epoch 123 training [time: 25.27s, train loss: 63295.0237]
Thu 18 Dec 2025 22:37:38 INFO  epoch 123 evaluating [time: 6.99s, valid_score: 0.057600]
Thu 18 Dec 2025 22:37:38 INFO  valid result: 
recall@10 : 0.0563    recall@20 : 0.0904    precision@10 : 0.0165    precision@20 : 0.0134    ndcg@10 : 0.0399    ndcg@20 : 0.0508    hit@10 : 0.1452    hit@20 : 0.2192    mrr@10 : 0.0576    mrr@20 : 0.0627
Thu 18 Dec 2025 22:38:04 INFO  epoch 124 training [time: 26.20s, train loss: 63292.7082]
Thu 18 Dec 2025 22:38:14 INFO  epoch 124 evaluating [time: 9.57s, valid_score: 0.058100]
Thu 18 Dec 2025 22:38:14 INFO  valid result: 
recall@10 : 0.0567    recall@20 : 0.0912    precision@10 : 0.0167    precision@20 : 0.0135    ndcg@10 : 0.0401    ndcg@20 : 0.0511    hit@10 : 0.1467    hit@20 : 0.2203    mrr@10 : 0.0581    mrr@20 : 0.063
Thu 18 Dec 2025 22:38:14 INFO  Saving current: saved/LightKG-Dec-18-2025_21-28-21.pth
Thu 18 Dec 2025 22:38:40 INFO  epoch 125 training [time: 26.48s, train loss: 63291.3123]
Thu 18 Dec 2025 22:38:50 INFO  epoch 125 evaluating [time: 10.17s, valid_score: 0.058100]
Thu 18 Dec 2025 22:38:50 INFO  valid result: 
recall@10 : 0.0568    recall@20 : 0.0912    precision@10 : 0.0166    precision@20 : 0.0135    ndcg@10 : 0.0402    ndcg@20 : 0.0512    hit@10 : 0.1461    hit@20 : 0.2203    mrr@10 : 0.0581    mrr@20 : 0.0631
Thu 18 Dec 2025 22:38:50 INFO  Saving current: saved/LightKG-Dec-18-2025_21-28-21.pth
Thu 18 Dec 2025 22:39:16 INFO  epoch 126 training [time: 25.82s, train loss: 63294.1802]
Thu 18 Dec 2025 22:39:25 INFO  epoch 126 evaluating [time: 9.08s, valid_score: 0.057300]
Thu 18 Dec 2025 22:39:25 INFO  valid result: 
recall@10 : 0.0562    recall@20 : 0.0909    precision@10 : 0.0165    precision@20 : 0.0134    ndcg@10 : 0.0398    ndcg@20 : 0.0509    hit@10 : 0.1453    hit@20 : 0.2195    mrr@10 : 0.0573    mrr@20 : 0.0624
Thu 18 Dec 2025 22:39:51 INFO  epoch 127 training [time: 25.40s, train loss: 63293.5459]
Thu 18 Dec 2025 22:39:59 INFO  epoch 127 evaluating [time: 8.12s, valid_score: 0.058200]
Thu 18 Dec 2025 22:39:59 INFO  valid result: 
recall@10 : 0.0569    recall@20 : 0.0902    precision@10 : 0.0167    precision@20 : 0.0134    ndcg@10 : 0.0403    ndcg@20 : 0.051    hit@10 : 0.1466    hit@20 : 0.2187    mrr@10 : 0.0582    mrr@20 : 0.0631
Thu 18 Dec 2025 22:39:59 INFO  Saving current: saved/LightKG-Dec-18-2025_21-28-21.pth
Thu 18 Dec 2025 22:40:24 INFO  epoch 128 training [time: 25.11s, train loss: 63292.1611]
Thu 18 Dec 2025 22:40:32 INFO  epoch 128 evaluating [time: 7.79s, valid_score: 0.057300]
Thu 18 Dec 2025 22:40:32 INFO  valid result: 
recall@10 : 0.0562    recall@20 : 0.0899    precision@10 : 0.0166    precision@20 : 0.0133    ndcg@10 : 0.0398    ndcg@20 : 0.0506    hit@10 : 0.145    hit@20 : 0.2181    mrr@10 : 0.0573    mrr@20 : 0.0623
Thu 18 Dec 2025 22:40:57 INFO  epoch 129 training [time: 24.82s, train loss: 63289.8365]
Thu 18 Dec 2025 22:41:04 INFO  epoch 129 evaluating [time: 7.72s, valid_score: 0.057200]
Thu 18 Dec 2025 22:41:04 INFO  valid result: 
recall@10 : 0.056    recall@20 : 0.0899    precision@10 : 0.0165    precision@20 : 0.0134    ndcg@10 : 0.0395    ndcg@20 : 0.0504    hit@10 : 0.1452    hit@20 : 0.2182    mrr@10 : 0.0572    mrr@20 : 0.0622
Thu 18 Dec 2025 22:41:40 INFO  epoch 130 training [time: 36.14s, train loss: 63293.1756]
Thu 18 Dec 2025 22:41:50 INFO  epoch 130 evaluating [time: 9.53s, valid_score: 0.057000]
Thu 18 Dec 2025 22:41:50 INFO  valid result: 
recall@10 : 0.0574    recall@20 : 0.091    precision@10 : 0.0168    precision@20 : 0.0135    ndcg@10 : 0.0399    ndcg@20 : 0.0507    hit@10 : 0.1475    hit@20 : 0.2205    mrr@10 : 0.057    mrr@20 : 0.062
Thu 18 Dec 2025 22:42:36 INFO  epoch 131 training [time: 45.74s, train loss: 63291.1241]
Thu 18 Dec 2025 22:42:55 INFO  epoch 131 evaluating [time: 18.77s, valid_score: 0.057400]
Thu 18 Dec 2025 22:42:55 INFO  valid result: 
recall@10 : 0.0578    recall@20 : 0.0912    precision@10 : 0.0168    precision@20 : 0.0135    ndcg@10 : 0.0401    ndcg@20 : 0.0509    hit@10 : 0.1466    hit@20 : 0.2204    mrr@10 : 0.0574    mrr@20 : 0.0625
Thu 18 Dec 2025 22:44:02 INFO  epoch 132 training [time: 67.61s, train loss: 63290.3887]
Thu 18 Dec 2025 22:44:25 INFO  epoch 132 evaluating [time: 22.37s, valid_score: 0.057500]
Thu 18 Dec 2025 22:44:25 INFO  valid result: 
recall@10 : 0.0571    recall@20 : 0.0914    precision@10 : 0.0167    precision@20 : 0.0136    ndcg@10 : 0.04    ndcg@20 : 0.051    hit@10 : 0.1464    hit@20 : 0.2212    mrr@10 : 0.0575    mrr@20 : 0.0626
Thu 18 Dec 2025 22:45:33 INFO  epoch 133 training [time: 67.98s, train loss: 63291.1165]
Thu 18 Dec 2025 22:45:50 INFO  epoch 133 evaluating [time: 17.51s, valid_score: 0.057600]
Thu 18 Dec 2025 22:45:50 INFO  valid result: 
recall@10 : 0.0576    recall@20 : 0.0911    precision@10 : 0.0169    precision@20 : 0.0135    ndcg@10 : 0.0401    ndcg@20 : 0.0509    hit@10 : 0.1474    hit@20 : 0.2206    mrr@10 : 0.0576    mrr@20 : 0.0626
Thu 18 Dec 2025 22:46:57 INFO  epoch 134 training [time: 66.97s, train loss: 63291.6844]
Thu 18 Dec 2025 22:47:15 INFO  epoch 134 evaluating [time: 17.87s, valid_score: 0.057300]
Thu 18 Dec 2025 22:47:15 INFO  valid result: 
recall@10 : 0.0569    recall@20 : 0.091    precision@10 : 0.0167    precision@20 : 0.0134    ndcg@10 : 0.04    ndcg@20 : 0.0509    hit@10 : 0.1462    hit@20 : 0.2198    mrr@10 : 0.0573    mrr@20 : 0.0624
Thu 18 Dec 2025 22:48:22 INFO  epoch 135 training [time: 67.31s, train loss: 63287.9303]
Thu 18 Dec 2025 22:48:38 INFO  epoch 135 evaluating [time: 15.46s, valid_score: 0.057500]
Thu 18 Dec 2025 22:48:38 INFO  valid result: 
recall@10 : 0.057    recall@20 : 0.0929    precision@10 : 0.0168    precision@20 : 0.0137    ndcg@10 : 0.04    ndcg@20 : 0.0514    hit@10 : 0.1469    hit@20 : 0.2233    mrr@10 : 0.0575    mrr@20 : 0.0627
Thu 18 Dec 2025 22:49:46 INFO  epoch 136 training [time: 68.76s, train loss: 63287.8660]
Thu 18 Dec 2025 22:50:04 INFO  epoch 136 evaluating [time: 18.08s, valid_score: 0.057700]
Thu 18 Dec 2025 22:50:04 INFO  valid result: 
recall@10 : 0.0579    recall@20 : 0.0935    precision@10 : 0.017    precision@20 : 0.0138    ndcg@10 : 0.0402    ndcg@20 : 0.0515    hit@10 : 0.1486    hit@20 : 0.2248    mrr@10 : 0.0577    mrr@20 : 0.0629
Thu 18 Dec 2025 22:51:13 INFO  epoch 137 training [time: 68.75s, train loss: 63288.1132]
Thu 18 Dec 2025 22:51:29 INFO  epoch 137 evaluating [time: 15.30s, valid_score: 0.057900]
Thu 18 Dec 2025 22:51:29 INFO  valid result: 
recall@10 : 0.0577    recall@20 : 0.0926    precision@10 : 0.0169    precision@20 : 0.0137    ndcg@10 : 0.0402    ndcg@20 : 0.0515    hit@10 : 0.1484    hit@20 : 0.2241    mrr@10 : 0.0579    mrr@20 : 0.063
Thu 18 Dec 2025 22:52:36 INFO  epoch 138 training [time: 67.05s, train loss: 63289.0371]
Thu 18 Dec 2025 22:52:52 INFO  epoch 138 evaluating [time: 16.50s, valid_score: 0.057800]
Thu 18 Dec 2025 22:52:52 INFO  valid result: 
recall@10 : 0.0571    recall@20 : 0.0926    precision@10 : 0.0168    precision@20 : 0.0137    ndcg@10 : 0.0401    ndcg@20 : 0.0514    hit@10 : 0.1473    hit@20 : 0.2238    mrr@10 : 0.0578    mrr@20 : 0.0631
Thu 18 Dec 2025 22:52:52 INFO  Finished training, best eval result in epoch 127
Thu 18 Dec 2025 22:53:09 INFO  Best valid result: OrderedDict([('recall@10', np.float64(0.0569)), ('recall@20', np.float64(0.0902)), ('precision@10', np.float64(0.0167)), ('precision@20', np.float64(0.0134)), ('ndcg@10', np.float64(0.0403)), ('ndcg@20', np.float64(0.051)), ('hit@10', np.float64(0.1466)), ('hit@20', np.float64(0.2187)), ('mrr@10', np.float64(0.0582)), ('mrr@20', np.float64(0.0631))])
Thu 18 Dec 2025 22:53:09 INFO  Test result: OrderedDict([('recall@10', np.float64(0.0576)), ('recall@20', np.float64(0.0947)), ('precision@10', np.float64(0.0169)), ('precision@20', np.float64(0.0139)), ('ndcg@10', np.float64(0.039)), ('ndcg@20', np.float64(0.0507)), ('hit@10', np.float64(0.147)), ('hit@20', np.float64(0.2248)), ('mrr@10', np.float64(0.0547)), ('mrr@20', np.float64(0.06))])
