Sun 14 Dec 2025 23:57:29 INFO  yelp
The number of users: 15963
Average actions of users: 24.663575992983336
The number of items: 14086
Average actions of items: 27.95030173943912
The number of inters: 393680
The sparsity of the dataset: 99.82491813895666%
Remain Fields: ['entity_id', 'user_id', 'item_id', 'rating', 'head_id', 'relation_id', 'tail_id']
The number of entities: 44804
The number of relations: 117
The number of triples: 121540
The number of items that have been linked to KG: 14085
Sun 14 Dec 2025 23:57:30 INFO  [Training]: train_batch_size = [2048] train_neg_sample_args: [{'distribution': 'uniform', 'sample_num': 1, 'alpha': 1.0, 'dynamic': False, 'candidate_num': 0}]
Sun 14 Dec 2025 23:57:30 INFO  [Evaluation]: eval_batch_size = [4096] eval_args: [{'split': {'RS': [0.8, 0.1, 0.1]}, 'order': 'RO', 'group_by': 'user', 'mode': {'valid': 'full', 'test': 'full'}}]
Sun 14 Dec 2025 23:57:30 INFO  LightKG(
  (mess_dropout): Dropout1d(p=0.1, inplace=False)
  (user_embedding): Embedding(15963, 64)
  (entity_embedding): Embedding(44804, 64)
  (relation_embedding): Embedding(233, 1)
  (mf_loss): BPRLoss()
)
Trainable parameters: 3889321
